Archive member included to satisfy reference by file (symbol)

/home/kbisland/Ac6/SystemWorkbench/plugins/fr.ac6.mcu.externaltools.arm-none.linux64_1.16.0.201807130628/tools/compiler/bin/../lib/gcc/arm-none-eabi/7.2.1/../../../../arm-none-eabi/lib/thumb/v7e-m/fpv4-sp/hard/libm.a(lib_a-w_pow.o)
                              Src/MA702/MA702.o (pow)
/home/kbisland/Ac6/SystemWorkbench/plugins/fr.ac6.mcu.externaltools.arm-none.linux64_1.16.0.201807130628/tools/compiler/bin/../lib/gcc/arm-none-eabi/7.2.1/../../../../arm-none-eabi/lib/thumb/v7e-m/fpv4-sp/hard/libm.a(lib_a-e_pow.o)
                              /home/kbisland/Ac6/SystemWorkbench/plugins/fr.ac6.mcu.externaltools.arm-none.linux64_1.16.0.201807130628/tools/compiler/bin/../lib/gcc/arm-none-eabi/7.2.1/../../../../arm-none-eabi/lib/thumb/v7e-m/fpv4-sp/hard/libm.a(lib_a-w_pow.o) (__ieee754_pow)
/home/kbisland/Ac6/SystemWorkbench/plugins/fr.ac6.mcu.externaltools.arm-none.linux64_1.16.0.201807130628/tools/compiler/bin/../lib/gcc/arm-none-eabi/7.2.1/../../../../arm-none-eabi/lib/thumb/v7e-m/fpv4-sp/hard/libm.a(lib_a-e_sqrt.o)
                              /home/kbisland/Ac6/SystemWorkbench/plugins/fr.ac6.mcu.externaltools.arm-none.linux64_1.16.0.201807130628/tools/compiler/bin/../lib/gcc/arm-none-eabi/7.2.1/../../../../arm-none-eabi/lib/thumb/v7e-m/fpv4-sp/hard/libm.a(lib_a-e_pow.o) (__ieee754_sqrt)
/home/kbisland/Ac6/SystemWorkbench/plugins/fr.ac6.mcu.externaltools.arm-none.linux64_1.16.0.201807130628/tools/compiler/bin/../lib/gcc/arm-none-eabi/7.2.1/../../../../arm-none-eabi/lib/thumb/v7e-m/fpv4-sp/hard/libm.a(lib_a-s_fabs.o)
                              /home/kbisland/Ac6/SystemWorkbench/plugins/fr.ac6.mcu.externaltools.arm-none.linux64_1.16.0.201807130628/tools/compiler/bin/../lib/gcc/arm-none-eabi/7.2.1/../../../../arm-none-eabi/lib/thumb/v7e-m/fpv4-sp/hard/libm.a(lib_a-e_pow.o) (fabs)
/home/kbisland/Ac6/SystemWorkbench/plugins/fr.ac6.mcu.externaltools.arm-none.linux64_1.16.0.201807130628/tools/compiler/bin/../lib/gcc/arm-none-eabi/7.2.1/../../../../arm-none-eabi/lib/thumb/v7e-m/fpv4-sp/hard/libm.a(lib_a-s_finite.o)
                              /home/kbisland/Ac6/SystemWorkbench/plugins/fr.ac6.mcu.externaltools.arm-none.linux64_1.16.0.201807130628/tools/compiler/bin/../lib/gcc/arm-none-eabi/7.2.1/../../../../arm-none-eabi/lib/thumb/v7e-m/fpv4-sp/hard/libm.a(lib_a-w_pow.o) (finite)
/home/kbisland/Ac6/SystemWorkbench/plugins/fr.ac6.mcu.externaltools.arm-none.linux64_1.16.0.201807130628/tools/compiler/bin/../lib/gcc/arm-none-eabi/7.2.1/../../../../arm-none-eabi/lib/thumb/v7e-m/fpv4-sp/hard/libm.a(lib_a-s_lib_ver.o)
                              /home/kbisland/Ac6/SystemWorkbench/plugins/fr.ac6.mcu.externaltools.arm-none.linux64_1.16.0.201807130628/tools/compiler/bin/../lib/gcc/arm-none-eabi/7.2.1/../../../../arm-none-eabi/lib/thumb/v7e-m/fpv4-sp/hard/libm.a(lib_a-w_pow.o) (__fdlib_version)
/home/kbisland/Ac6/SystemWorkbench/plugins/fr.ac6.mcu.externaltools.arm-none.linux64_1.16.0.201807130628/tools/compiler/bin/../lib/gcc/arm-none-eabi/7.2.1/../../../../arm-none-eabi/lib/thumb/v7e-m/fpv4-sp/hard/libm.a(lib_a-s_matherr.o)
                              /home/kbisland/Ac6/SystemWorkbench/plugins/fr.ac6.mcu.externaltools.arm-none.linux64_1.16.0.201807130628/tools/compiler/bin/../lib/gcc/arm-none-eabi/7.2.1/../../../../arm-none-eabi/lib/thumb/v7e-m/fpv4-sp/hard/libm.a(lib_a-w_pow.o) (matherr)
/home/kbisland/Ac6/SystemWorkbench/plugins/fr.ac6.mcu.externaltools.arm-none.linux64_1.16.0.201807130628/tools/compiler/bin/../lib/gcc/arm-none-eabi/7.2.1/../../../../arm-none-eabi/lib/thumb/v7e-m/fpv4-sp/hard/libm.a(lib_a-s_nan.o)
                              /home/kbisland/Ac6/SystemWorkbench/plugins/fr.ac6.mcu.externaltools.arm-none.linux64_1.16.0.201807130628/tools/compiler/bin/../lib/gcc/arm-none-eabi/7.2.1/../../../../arm-none-eabi/lib/thumb/v7e-m/fpv4-sp/hard/libm.a(lib_a-e_pow.o) (nan)
/home/kbisland/Ac6/SystemWorkbench/plugins/fr.ac6.mcu.externaltools.arm-none.linux64_1.16.0.201807130628/tools/compiler/bin/../lib/gcc/arm-none-eabi/7.2.1/../../../../arm-none-eabi/lib/thumb/v7e-m/fpv4-sp/hard/libm.a(lib_a-s_rint.o)
                              /home/kbisland/Ac6/SystemWorkbench/plugins/fr.ac6.mcu.externaltools.arm-none.linux64_1.16.0.201807130628/tools/compiler/bin/../lib/gcc/arm-none-eabi/7.2.1/../../../../arm-none-eabi/lib/thumb/v7e-m/fpv4-sp/hard/libm.a(lib_a-w_pow.o) (rint)
/home/kbisland/Ac6/SystemWorkbench/plugins/fr.ac6.mcu.externaltools.arm-none.linux64_1.16.0.201807130628/tools/compiler/bin/../lib/gcc/arm-none-eabi/7.2.1/../../../../arm-none-eabi/lib/thumb/v7e-m/fpv4-sp/hard/libm.a(lib_a-s_scalbn.o)
                              /home/kbisland/Ac6/SystemWorkbench/plugins/fr.ac6.mcu.externaltools.arm-none.linux64_1.16.0.201807130628/tools/compiler/bin/../lib/gcc/arm-none-eabi/7.2.1/../../../../arm-none-eabi/lib/thumb/v7e-m/fpv4-sp/hard/libm.a(lib_a-e_pow.o) (scalbn)
[...]
Memory Configuration

Name             Origin             Length             Attributes
RAM              0x0000000020000000 0x0000000000010000 xrw
FLASH            0x0000000008000000 0x0000000000020000 xr
*default*        0x0000000000000000 0xffffffffffffffff

Linker script and memory map

LOAD /home/kbisland/Ac6/SystemWorkbench/plugins/fr.ac6.mcu.externaltools.arm-none.linux64_1.16.0.201807130628/tools/compiler/bin/../lib/gcc/arm-none-eabi/7.2.1/thumb/v7e-m/fpv4-sp/hard/crti.o
LOAD /home/kbisland/Ac6/SystemWorkbench/plugins/fr.ac6.mcu.externaltools.arm-none.linux64_1.16.0.201807130628/tools/compiler/bin/../lib/gcc/arm-none-eabi/7.2.1/thumb/v7e-m/fpv4-sp/hard/crtbegin.o
LOAD /home/kbisland/Ac6/SystemWorkbench/plugins/fr.ac6.mcu.externaltools.arm-none.linux64_1.16.0.201807130628/tools/compiler/bin/../lib/gcc/arm-none-eabi/7.2.1/../../../../arm-none-eabi/lib/thumb/v7e-m/fpv4-sp/hard/crt0.o
LOAD Drivers/STM32L4xx_HAL_Driver/Src/stm32l4xx_hal.o
LOAD Drivers/STM32L4xx_HAL_Driver/Src/stm32l4xx_hal_adc.o
LOAD Drivers/STM32L4xx_HAL_Driver/Src/stm32l4xx_hal_adc_ex.o
LOAD Drivers/STM32L4xx_HAL_Driver/Src/stm32l4xx_hal_cortex.o
LOAD Drivers/STM32L4xx_HAL_Driver/Src/stm32l4xx_hal_dma.o
LOAD Drivers/STM32L4xx_HAL_Driver/Src/stm32l4xx_hal_dma_ex.o
LOAD Drivers/STM32L4xx_HAL_Driver/Src/stm32l4xx_hal_flash.o
LOAD Drivers/STM32L4xx_HAL_Driver/Src/stm32l4xx_hal_flash_ex.o
LOAD Drivers/STM32L4xx_HAL_Driver/Src/stm32l4xx_hal_flash_ramfunc.o
LOAD Drivers/STM32L4xx_HAL_Driver/Src/stm32l4xx_hal_gpio.o
LOAD Drivers/STM32L4xx_HAL_Driver/Src/stm32l4xx_hal_i2c.o
LOAD Drivers/STM32L4xx_HAL_Driver/Src/stm32l4xx_hal_i2c_ex.o
LOAD Drivers/STM32L4xx_HAL_Driver/Src/stm32l4xx_hal_iwdg.o
LOAD Drivers/STM32L4xx_HAL_Driver/Src/stm32l4xx_hal_pwr.o
LOAD Drivers/STM32L4xx_HAL_Driver/Src/stm32l4xx_hal_pwr_ex.o
LOAD Drivers/STM32L4xx_HAL_Driver/Src/stm32l4xx_hal_rcc.o
LOAD Drivers/STM32L4xx_HAL_Driver/Src/stm32l4xx_hal_rcc_ex.o
LOAD Drivers/STM32L4xx_HAL_Driver/Src/stm32l4xx_hal_spi.o
LOAD Drivers/STM32L4xx_HAL_Driver/Src/stm32l4xx_hal_spi_ex.o
LOAD Drivers/STM32L4xx_HAL_Driver/Src/stm32l4xx_hal_tim.o
LOAD Drivers/STM32L4xx_HAL_Driver/Src/stm32l4xx_hal_tim_ex.o
LOAD Src/MA702/MA702.o
LOAD Src/PID/PID.o
LOAD Src/eeprom.o
LOAD Src/main.o
LOAD Src/stm32l4xx_hal_msp.o
LOAD Src/stm32l4xx_it.o
LOAD Src/system_stm32l4xx.o
LOAD startup/startup_stm32l432xx.o
LOAD /home/kbisland/Ac6/SystemWorkbench/plugins/fr.ac6.mcu.externaltools.arm-none.linux64_1.16.0.201807130628/tools/compiler/bin/../lib/gcc/arm-none-eabi/7.2.1/../../../../arm-none-eabi/lib/thumb/v7e-m/fpv4-sp/hard/libstdc++_nano.a
LOAD /home/kbisland/Ac6/SystemWorkbench/plugins/fr.ac6.mcu.externaltools.arm-none.linux64_1.16.0.201807130628/tools/compiler/bin/../lib/gcc/arm-none-eabi/7.2.1/../../../../arm-none-eabi/lib/thumb/v7e-m/fpv4-sp/hard/libm.a
START GROUP
LOAD /home/kbisland/Ac6/SystemWorkbench/plugins/fr.ac6.mcu.externaltools.arm-none.linux64_1.16.0.201807130628/tools/compiler/bin/../lib/gcc/arm-none-eabi/7.2.1/thumb/v7e-m/fpv4-sp/hard/libgcc.a
LOAD /home/kbisland/Ac6/SystemWorkbench/plugins/fr.ac6.mcu.externaltools.arm-none.linux64_1.16.0.201807130628/tools/compiler/bin/../lib/gcc/arm-none-eabi/7.2.1/../../../../arm-none-eabi/lib/thumb/v7e-m/fpv4-sp/hard/libc_nano.a
END GROUP
START GROUP
LOAD /home/kbisland/Ac6/SystemWorkbench/plugins/fr.ac6.mcu.externaltools.arm-none.linux64_1.16.0.201807130628/tools/compiler/bin/../lib/gcc/arm-none-eabi/7.2.1/thumb/v7e-m/fpv4-sp/hard/libgcc.a
LOAD /home/kbisland/Ac6/SystemWorkbench/plugins/fr.ac6.mcu.externaltools.arm-none.linux64_1.16.0.201807130628/tools/compiler/bin/../lib/gcc/arm-none-eabi/7.2.1/../../../../arm-none-eabi/lib/thumb/v7e-m/fpv4-sp/hard/libc_nano.a
LOAD /home/kbisland/Ac6/SystemWorkbench/plugins/fr.ac6.mcu.externaltools.arm-none.linux64_1.16.0.201807130628/tools/compiler/bin/../lib/gcc/arm-none-eabi/7.2.1/../../../../arm-none-eabi/lib/thumb/v7e-m/fpv4-sp/hard/libnosys.a
END GROUP
START GROUP
LOAD /home/kbisland/Ac6/SystemWorkbench/plugins/fr.ac6.mcu.externaltools.arm-none.linux64_1.16.0.201807130628/tools/compiler/bin/../lib/gcc/arm-none-eabi/7.2.1/thumb/v7e-m/fpv4-sp/hard/libgcc.a
LOAD /home/kbisland/Ac6/SystemWorkbench/plugins/fr.ac6.mcu.externaltools.arm-none.linux64_1.16.0.201807130628/tools/compiler/bin/../lib/gcc/arm-none-eabi/7.2.1/../../../../arm-none-eabi/lib/thumb/v7e-m/fpv4-sp/hard/libc_nano.a
LOAD /home/kbisland/Ac6/SystemWorkbench/plugins/fr.ac6.mcu.externaltools.arm-none.linux64_1.16.0.201807130628/tools/compiler/bin/../lib/gcc/arm-none-eabi/7.2.1/../../../../arm-none-eabi/lib/thumb/v7e-m/fpv4-sp/hard/libnosys.a
END GROUP
LOAD /home/kbisland/Ac6/SystemWorkbench/plugins/fr.ac6.mcu.externaltools.arm-none.linux64_1.16.0.201807130628/tools/compiler/bin/../lib/gcc/arm-none-eabi/7.2.1/thumb/v7e-m/fpv4-sp/hard/crtend.o
LOAD /home/kbisland/Ac6/SystemWorkbench/plugins/fr.ac6.mcu.externaltools.arm-none.linux64_1.16.0.201807130628/tools/compiler/bin/../lib/gcc/arm-none-eabi/7.2.1/thumb/v7e-m/fpv4-sp/hard/crtn.o
                0x0000000020010000                _estack = 0x20010000
                0x0000000000000200                _Min_Heap_Size = 0x200
                0x0000000000000400                _Min_Stack_Size = 0x400

.isr_vector     0x0000000008000000      0x190
                0x0000000008000000                . = ALIGN (0x8)
 *(.isr_vector)
 .isr_vector    0x0000000008000000      0x18c startup/startup_stm32l432xx.o
                0x0000000008000000                g_pfnVectors
                0x0000000008000190                . = ALIGN (0x8)
 *fill*         0x000000000800018c        0x4 

.text           0x0000000008000190     0x4be8
                0x0000000008000190                . = ALIGN (0x8)
 *(.text)
 .text          0x0000000008000190       0x40 /home/kbisland/Ac6/SystemWorkbench/plugins/fr.ac6.mcu.externaltools.arm-none.linux64_1.16.0.201807130628/tools/compiler/bin/../lib/gcc/arm-none-eabi/7.2.1/thumb/v7e-m/fpv4-sp/hard/crtbegin.o
 .text          0x00000000080001d0      0x378 /home/kbisland/Ac6/SystemWorkbench/plugins/fr.ac6.mcu.externaltools.arm-none.linux64_1.16.0.201807130628/tools/compiler/bin/../lib/gcc/arm-none-eabi/7.2.1/thumb/v7e-m/fpv4-sp/hard/libgcc.a(_arm_addsubdf3.o)
                0x00000000080001d0                __aeabi_drsub
                0x00000000080001d8                __aeabi_dsub
                0x00000000080001d8                __subdf3
                0x00000000080001dc                __adddf3
                0x00000000080001dc                __aeabi_dadd
                0x0000000008000454                __aeabi_ui2d
                0x0000000008000454                __floatunsidf
                0x0000000008000474                __floatsidf
                0x0000000008000474                __aeabi_i2d
                0x0000000008000498                __extendsfdf2
                0x0000000008000498                __aeabi_f2d
                0x00000000080004dc                __aeabi_ul2d
                0x00000000080004dc                __floatundidf
                0x00000000080004ec                __floatdidf
                0x00000000080004ec                __aeabi_l2d
 .text          0x0000000008000548      0x424 /home/kbisland/Ac6/SystemWorkbench/plugins/fr.ac6.mcu.externaltools.arm-none.linux64_1.16.0.201807130628/tools/compiler/bin/../lib/gcc/arm-none-eabi/7.2.1/thumb/v7e-m/fpv4-sp/hard/libgcc.a(_arm_muldivdf3.o)
                0x0000000008000548                __aeabi_dmul
                0x0000000008000548                __muldf3
                0x000000000800079c                __aeabi_ddiv
                0x000000000800079c                __divdf3
 .text          0x000000000800096c      0x110 /home/kbisland/Ac6/SystemWorkbench/plugins/fr.ac6.mcu.externaltools.arm-none.linux64_1.16.0.201807130628/tools/compiler/bin/../lib/gcc/arm-none-eabi/7.2.1/thumb/v7e-m/fpv4-sp/hard/libgcc.a(_arm_cmpdf2.o)
                0x000000000800096c                __gtdf2
                0x000000000800096c                __gedf2
                0x0000000008000974                __ltdf2
                0x0000000008000974                __ledf2
                0x000000000800097c                __cmpdf2
                0x000000000800097c                __eqdf2
                0x000000000800097c                __nedf2
                0x00000000080009f8                __aeabi_cdrcmple
                0x0000000008000a08                __aeabi_cdcmple
                0x0000000008000a08                __aeabi_cdcmpeq
                0x0000000008000a18                __aeabi_dcmpeq
                0x0000000008000a2c                __aeabi_dcmplt
                0x0000000008000a40                __aeabi_dcmple
                0x0000000008000a54                __aeabi_dcmpge
                0x0000000008000a68                __aeabi_dcmpgt
 .text          0x0000000008000a7c       0xa0 /home/kbisland/Ac6/SystemWorkbench/plugins/fr.ac6.mcu.externaltools.arm-none.linux64_1.16.0.201807130628/tools/compiler/bin/../lib/gcc/arm-none-eabi/7.2.1/thumb/v7e-m/fpv4-sp/hard/libgcc.a(_arm_truncdfsf2.o)
                0x0000000008000a7c                __aeabi_d2f
                0x0000000008000a7c                __truncdfsf2
 *(.text*)
 .text.HAL_InitTick
                0x0000000008000b1c       0x34 Drivers/STM32L4xx_HAL_Driver/Src/stm32l4xx_hal.o
                0x0000000008000b1c                HAL_InitTick
 .text.HAL_Init
                0x0000000008000b50       0x1e Drivers/STM32L4xx_HAL_Driver/Src/stm32l4xx_hal.o
                0x0000000008000b50                HAL_Init
 *fill*         0x0000000008000b6e        0x2 
 .text.HAL_IncTick
                0x0000000008000b70       0x10 Drivers/STM32L4xx_HAL_Driver/Src/stm32l4xx_hal.o
                0x0000000008000b70                HAL_IncTick
 .text.HAL_GetTick
                0x0000000008000b80        0xc Drivers/STM32L4xx_HAL_Driver/Src/stm32l4xx_hal.o
                0x0000000008000b80                HAL_GetTick
 .text.HAL_ADC_Init
                0x0000000008000b8c      0x1e4 Drivers/STM32L4xx_HAL_Driver/Src/stm32l4xx_hal_adc.o
                0x0000000008000b8c                HAL_ADC_Init
 .text.HAL_ADC_ConfigChannel
                0x0000000008000d70      0x430 Drivers/STM32L4xx_HAL_Driver/Src/stm32l4xx_hal_adc.o
                0x0000000008000d70                HAL_ADC_ConfigChannel
 .text.HAL_NVIC_SetPriorityGrouping
                0x00000000080011a0       0x24 Drivers/STM32L4xx_HAL_Driver/Src/stm32l4xx_hal_cortex.o
                0x00000000080011a0                HAL_NVIC_SetPriorityGrouping
 .text.HAL_NVIC_SetPriority
                0x00000000080011c4       0x68 Drivers/STM32L4xx_HAL_Driver/Src/stm32l4xx_hal_cortex.o
                0x00000000080011c4                HAL_NVIC_SetPriority
 .text.HAL_NVIC_EnableIRQ
                0x000000000800122c       0x18 Drivers/STM32L4xx_HAL_Driver/Src/stm32l4xx_hal_cortex.o
                0x000000000800122c                HAL_NVIC_EnableIRQ
 .text.HAL_SYSTICK_Config
                0x0000000008001244       0x2c Drivers/STM32L4xx_HAL_Driver/Src/stm32l4xx_hal_cortex.o
                0x0000000008001244                HAL_SYSTICK_Config
 .text.HAL_SYSTICK_CLKSourceConfig
                0x0000000008001270       0x20 Drivers/STM32L4xx_HAL_Driver/Src/stm32l4xx_hal_cortex.o
                0x0000000008001270                HAL_SYSTICK_CLKSourceConfig
 .text.HAL_SYSTICK_Callback
                0x0000000008001290        0x2 Drivers/STM32L4xx_HAL_Driver/Src/stm32l4xx_hal_cortex.o
                0x0000000008001290                HAL_SYSTICK_Callback
 .text.HAL_SYSTICK_IRQHandler
                0x0000000008001292        0x8 Drivers/STM32L4xx_HAL_Driver/Src/stm32l4xx_hal_cortex.o
                0x0000000008001292                HAL_SYSTICK_IRQHandler
 *fill*         0x000000000800129a        0x2 
 .text.HAL_DMA_Init
                0x000000000800129c       0xf8 Drivers/STM32L4xx_HAL_Driver/Src/stm32l4xx_hal_dma.o
                0x000000000800129c                HAL_DMA_Init
 .text.HAL_DMA_IRQHandler
                0x0000000008001394       0xc4 Drivers/STM32L4xx_HAL_Driver/Src/stm32l4xx_hal_dma.o
                0x0000000008001394                HAL_DMA_IRQHandler
 .text.FLASH_Program_DoubleWord
                0x0000000008001458       0x1c Drivers/STM32L4xx_HAL_Driver/Src/stm32l4xx_hal_flash.o
 .text.FLASH_Program_Fast
                0x0000000008001474       0x28 Drivers/STM32L4xx_HAL_Driver/Src/stm32l4xx_hal_flash.o
 .text.HAL_FLASH_Unlock
                0x000000000800149c       0x30 Drivers/STM32L4xx_HAL_Driver/Src/stm32l4xx_hal_flash.o
                0x000000000800149c                HAL_FLASH_Unlock
 .text.FLASH_WaitForLastOperation
                0x00000000080014cc       0x90 Drivers/STM32L4xx_HAL_Driver/Src/stm32l4xx_hal_flash.o
                0x00000000080014cc                FLASH_WaitForLastOperation
 .text.HAL_FLASH_Program
                0x000000000800155c       0xb0 Drivers/STM32L4xx_HAL_Driver/Src/stm32l4xx_hal_flash.o
                0x000000000800155c                HAL_FLASH_Program
 .text.FLASH_MassErase
                0x000000000800160c       0x20 Drivers/STM32L4xx_HAL_Driver/Src/stm32l4xx_hal_flash_ex.o
 .text.FLASH_PageErase
                0x000000000800162c       0x28 Drivers/STM32L4xx_HAL_Driver/Src/stm32l4xx_hal_flash_ex.o
                0x000000000800162c                FLASH_PageErase
 .text.FLASH_FlushCaches
                0x0000000008001654       0x5c Drivers/STM32L4xx_HAL_Driver/Src/stm32l4xx_hal_flash_ex.o
                0x0000000008001654                FLASH_FlushCaches
 .text.HAL_FLASHEx_Erase
                0x00000000080016b0       0xf8 Drivers/STM32L4xx_HAL_Driver/Src/stm32l4xx_hal_flash_ex.o
                0x00000000080016b0                HAL_FLASHEx_Erase
 .text.HAL_GPIO_Init
                0x00000000080017a8      0x180 Drivers/STM32L4xx_HAL_Driver/Src/stm32l4xx_hal_gpio.o
                0x00000000080017a8                HAL_GPIO_Init
 .text.HAL_GPIO_WritePin
                0x0000000008001928        0xa Drivers/STM32L4xx_HAL_Driver/Src/stm32l4xx_hal_gpio.o
                0x0000000008001928                HAL_GPIO_WritePin
 .text.HAL_GPIO_EXTI_Callback
                0x0000000008001932        0x2 Drivers/STM32L4xx_HAL_Driver/Src/stm32l4xx_hal_gpio.o
                0x0000000008001932                HAL_GPIO_EXTI_Callback
 .text.HAL_GPIO_EXTI_IRQHandler
                0x0000000008001934       0x1c Drivers/STM32L4xx_HAL_Driver/Src/stm32l4xx_hal_gpio.o
                0x0000000008001934                HAL_GPIO_EXTI_IRQHandler
 .text.HAL_IWDG_Init
                0x0000000008001950       0x58 Drivers/STM32L4xx_HAL_Driver/Src/stm32l4xx_hal_iwdg.o
                0x0000000008001950                HAL_IWDG_Init
 .text.HAL_PWREx_GetVoltageRange
                0x00000000080019a8       0x10 Drivers/STM32L4xx_HAL_Driver/Src/stm32l4xx_hal_pwr_ex.o
                0x00000000080019a8                HAL_PWREx_GetVoltageRange
 .text.HAL_PWREx_ControlVoltageScaling
                0x00000000080019b8       0x90 Drivers/STM32L4xx_HAL_Driver/Src/stm32l4xx_hal_pwr_ex.o
                0x00000000080019b8                HAL_PWREx_ControlVoltageScaling
 .text.RCC_SetFlashLatencyFromMSIRange
                0x0000000008001a48       0x90 Drivers/STM32L4xx_HAL_Driver/Src/stm32l4xx_hal_rcc.o
 .text.HAL_RCC_GetSysClockFreq
                0x0000000008001ad8       0xd8 Drivers/STM32L4xx_HAL_Driver/Src/stm32l4xx_hal_rcc.o
                0x0000000008001ad8                HAL_RCC_GetSysClockFreq
 .text.HAL_RCC_OscConfig
                0x0000000008001bb0      0x5b4 Drivers/STM32L4xx_HAL_Driver/Src/stm32l4xx_hal_rcc.o
                0x0000000008001bb0                HAL_RCC_OscConfig
 .text.HAL_RCC_ClockConfig
                0x0000000008002164      0x154 Drivers/STM32L4xx_HAL_Driver/Src/stm32l4xx_hal_rcc.o
                0x0000000008002164                HAL_RCC_ClockConfig
 .text.HAL_RCC_GetHCLKFreq
                0x00000000080022b8        0xc Drivers/STM32L4xx_HAL_Driver/Src/stm32l4xx_hal_rcc.o
                0x00000000080022b8                HAL_RCC_GetHCLKFreq
 .text.HAL_RCC_GetPCLK2Freq
                0x00000000080022c4       0x24 Drivers/STM32L4xx_HAL_Driver/Src/stm32l4xx_hal_rcc.o
                0x00000000080022c4                HAL_RCC_GetPCLK2Freq
 .text.RCCEx_PLLSAI1_Config
                0x00000000080022e8      0x16c Drivers/STM32L4xx_HAL_Driver/Src/stm32l4xx_hal_rcc_ex.o
 .text.HAL_RCCEx_PeriphCLKConfig
                0x0000000008002454      0x2e8 Drivers/STM32L4xx_HAL_Driver/Src/stm32l4xx_hal_rcc_ex.o
                0x0000000008002454                HAL_RCCEx_PeriphCLKConfig
 .text.SPI_WaitFlagStateUntilTimeout
                0x000000000800273c       0x90 Drivers/STM32L4xx_HAL_Driver/Src/stm32l4xx_hal_spi.o
 .text.SPI_WaitFifoStateUntilTimeout
                0x00000000080027cc       0x98 Drivers/STM32L4xx_HAL_Driver/Src/stm32l4xx_hal_spi.o
 .text.SPI_EndRxTxTransaction
                0x0000000008002864       0x66 Drivers/STM32L4xx_HAL_Driver/Src/stm32l4xx_hal_spi.o
 .text.HAL_SPI_Init
                0x00000000080028ca       0xb0 Drivers/STM32L4xx_HAL_Driver/Src/stm32l4xx_hal_spi.o
                0x00000000080028ca                HAL_SPI_Init
 .text.HAL_SPI_TransmitReceive
                0x000000000800297a      0x2ce Drivers/STM32L4xx_HAL_Driver/Src/stm32l4xx_hal_spi.o
                0x000000000800297a                HAL_SPI_TransmitReceive
 .text.TIM_OC1_SetConfig
                0x0000000008002c48       0x7c Drivers/STM32L4xx_HAL_Driver/Src/stm32l4xx_hal_tim.o
 .text.TIM_OC3_SetConfig
                0x0000000008002cc4       0x74 Drivers/STM32L4xx_HAL_Driver/Src/stm32l4xx_hal_tim.o
 .text.TIM_OC4_SetConfig
                0x0000000008002d38       0x5c Drivers/STM32L4xx_HAL_Driver/Src/stm32l4xx_hal_tim.o
 .text.TIM_OC5_SetConfig
                0x0000000008002d94       0x58 Drivers/STM32L4xx_HAL_Driver/Src/stm32l4xx_hal_tim.o
 .text.TIM_OC6_SetConfig
                0x0000000008002dec       0x5c Drivers/STM32L4xx_HAL_Driver/Src/stm32l4xx_hal_tim.o
 .text.TIM_TI1_ConfigInputStage
                0x0000000008002e48       0x26 Drivers/STM32L4xx_HAL_Driver/Src/stm32l4xx_hal_tim.o
 .text.TIM_TI2_ConfigInputStage
                0x0000000008002e6e       0x28 Drivers/STM32L4xx_HAL_Driver/Src/stm32l4xx_hal_tim.o
 .text.TIM_ITRx_SetConfig
                0x0000000008002e96       0x10 Drivers/STM32L4xx_HAL_Driver/Src/stm32l4xx_hal_tim.o
 *fill*         0x0000000008002ea6        0x2 
 .text.HAL_TIM_Base_Start
                0x0000000008002ea8       0x34 Drivers/STM32L4xx_HAL_Driver/Src/stm32l4xx_hal_tim.o
                0x0000000008002ea8                HAL_TIM_Base_Start
 .text.HAL_TIM_PWM_MspInit
                0x0000000008002edc        0x2 Drivers/STM32L4xx_HAL_Driver/Src/stm32l4xx_hal_tim.o
                0x0000000008002edc                HAL_TIM_PWM_MspInit
 .text.HAL_TIM_PeriodElapsedCallback
                0x0000000008002ede        0x2 Drivers/STM32L4xx_HAL_Driver/Src/stm32l4xx_hal_tim.o
                0x0000000008002ede                HAL_TIM_PeriodElapsedCallback
 .text.HAL_TIM_OC_DelayElapsedCallback
                0x0000000008002ee0        0x2 Drivers/STM32L4xx_HAL_Driver/Src/stm32l4xx_hal_tim.o
                0x0000000008002ee0                HAL_TIM_OC_DelayElapsedCallback
 .text.HAL_TIM_IC_CaptureCallback
                0x0000000008002ee2        0x2 Drivers/STM32L4xx_HAL_Driver/Src/stm32l4xx_hal_tim.o
                0x0000000008002ee2                HAL_TIM_IC_CaptureCallback
 .text.HAL_TIM_PWM_PulseFinishedCallback
                0x0000000008002ee4        0x2 Drivers/STM32L4xx_HAL_Driver/Src/stm32l4xx_hal_tim.o
                0x0000000008002ee4                HAL_TIM_PWM_PulseFinishedCallback
 .text.HAL_TIM_TriggerCallback
                0x0000000008002ee6        0x2 Drivers/STM32L4xx_HAL_Driver/Src/stm32l4xx_hal_tim.o
                0x0000000008002ee6                HAL_TIM_TriggerCallback
 .text.HAL_TIM_IRQHandler
                0x0000000008002ee8      0x19a Drivers/STM32L4xx_HAL_Driver/Src/stm32l4xx_hal_tim.o
                0x0000000008002ee8                HAL_TIM_IRQHandler
 *fill*         0x0000000008003082        0x2 
 .text.TIM_Base_SetConfig
                0x0000000008003084       0x70 Drivers/STM32L4xx_HAL_Driver/Src/stm32l4xx_hal_tim.o
                0x0000000008003084                TIM_Base_SetConfig
 .text.HAL_TIM_Base_Init
                0x00000000080030f4       0x32 Drivers/STM32L4xx_HAL_Driver/Src/stm32l4xx_hal_tim.o
                0x00000000080030f4                HAL_TIM_Base_Init
 .text.HAL_TIM_PWM_Init
                0x0000000008003126       0x32 Drivers/STM32L4xx_HAL_Driver/Src/stm32l4xx_hal_tim.o
                0x0000000008003126                HAL_TIM_PWM_Init
 .text.TIM_OC2_SetConfig
                0x0000000008003158       0x78 Drivers/STM32L4xx_HAL_Driver/Src/stm32l4xx_hal_tim.o
                0x0000000008003158                TIM_OC2_SetConfig
 .text.HAL_TIM_PWM_ConfigChannel
                0x00000000080031d0      0x134 Drivers/STM32L4xx_HAL_Driver/Src/stm32l4xx_hal_tim.o
                0x00000000080031d0                HAL_TIM_PWM_ConfigChannel
 .text.TIM_ETR_SetConfig
                0x0000000008003304       0x18 Drivers/STM32L4xx_HAL_Driver/Src/stm32l4xx_hal_tim.o
                0x0000000008003304                TIM_ETR_SetConfig
 .text.HAL_TIM_ConfigClockSource
                0x000000000800331c       0xf8 Drivers/STM32L4xx_HAL_Driver/Src/stm32l4xx_hal_tim.o
                0x000000000800331c                HAL_TIM_ConfigClockSource
 .text.TIM_CCxChannelCmd
                0x0000000008003414       0x22 Drivers/STM32L4xx_HAL_Driver/Src/stm32l4xx_hal_tim.o
                0x0000000008003414                TIM_CCxChannelCmd
 *fill*         0x0000000008003436        0x2 
 .text.HAL_TIM_PWM_Start
                0x0000000008003438       0x58 Drivers/STM32L4xx_HAL_Driver/Src/stm32l4xx_hal_tim.o
                0x0000000008003438                HAL_TIM_PWM_Start
 .text.HAL_TIMEx_MasterConfigSynchronization
                0x0000000008003490       0x5c Drivers/STM32L4xx_HAL_Driver/Src/stm32l4xx_hal_tim_ex.o
                0x0000000008003490                HAL_TIMEx_MasterConfigSynchronization
 .text.HAL_TIMEx_ConfigBreakDeadTime
                0x00000000080034ec       0x88 Drivers/STM32L4xx_HAL_Driver/Src/stm32l4xx_hal_tim_ex.o
                0x00000000080034ec                HAL_TIMEx_ConfigBreakDeadTime
 .text.HAL_TIMEx_CommutationCallback
                0x0000000008003574        0x2 Drivers/STM32L4xx_HAL_Driver/Src/stm32l4xx_hal_tim_ex.o
                0x0000000008003574                HAL_TIMEx_CommutationCallback
 .text.HAL_TIMEx_BreakCallback
                0x0000000008003576        0x2 Drivers/STM32L4xx_HAL_Driver/Src/stm32l4xx_hal_tim_ex.o
                0x0000000008003576                HAL_TIMEx_BreakCallback
 .text.HAL_TIMEx_Break2Callback
                0x0000000008003578        0x2 Drivers/STM32L4xx_HAL_Driver/Src/stm32l4xx_hal_tim_ex.o
                0x0000000008003578                HAL_TIMEx_Break2Callback
 .text._ZN5MA702C2Ev
                0x000000000800357a       0x1a Src/MA702/MA702.o
                0x000000000800357a                MA702::MA702()
                0x000000000800357a                MA702::MA702()
 .text._ZN5MA7025beginEP19__SPI_HandleTypeDeft
                0x0000000008003594       0x32 Src/MA702/MA702.o
                0x0000000008003594                MA702::begin(__SPI_HandleTypeDef*, unsigned short)
 *fill*         0x00000000080035c6        0x2 
 .text._ZN5MA70212readAngleRawEv
                0x00000000080035c8       0xc0 Src/MA702/MA702.o
                0x00000000080035c8                MA702::readAngleRaw()
 .text._ZN5MA70210totalAngleEv
                0x0000000008003688       0x10 Src/MA702/MA702.o
                0x0000000008003688                MA702::totalAngle()
 .text._ZN3PID14setInputLimitsEff
                0x0000000008003698       0x5e Src/PID/PID.o
                0x0000000008003698                PID::setInputLimits(float, float)
 .text._ZN3PID15setOutputLimitsEff
                0x00000000080036f6       0x52 Src/PID/PID.o
                0x00000000080036f6                PID::setOutputLimits(float, float)
 .text._ZN3PID10setTuningsEfff
                0x0000000008003748       0xd4 Src/PID/PID.o
                0x0000000008003748                PID::setTunings(float, float, float)
 .text._ZN3PIDC2Effff
                0x000000000800381c       0x90 Src/PID/PID.o
                0x000000000800381c                PID::PID(float, float, float, float)
                0x000000000800381c                PID::PID(float, float, float, float)
 .text._ZN3PID5resetEv
                0x00000000080038ac       0x50 Src/PID/PID.o
                0x00000000080038ac                PID::reset()
 .text._ZN3PID7setModeEi
                0x00000000080038fc       0x1c Src/PID/PID.o
                0x00000000080038fc                PID::setMode(int)
 .text._ZN3PID11setSetPointEf
                0x0000000008003918        0x6 Src/PID/PID.o
                0x0000000008003918                PID::setSetPoint(float)
 .text._ZN3PID7setBiasEf
                0x000000000800391e        0xa Src/PID/PID.o
                0x000000000800391e                PID::setBias(float)
 .text._ZL24EE_VerifyPageFullyErasedmm
                0x0000000008003928       0x2e Src/eeprom.o
 *fill*         0x0000000008003956        0x2 
 .text._ZL11EE_FindPage12EE_Find_type
                0x0000000008003958       0xa0 Src/eeprom.o
 .text._ZL16EE_GetPageNumberm
                0x00000000080039f8       0x30 Src/eeprom.o
 .text._ZL16EE_GetBankNumberm
                0x0000000008003a28        0x4 Src/eeprom.o
 .text._ZL30EE_VerifyPageFullWriteVariabletm
                0x0000000008003a2c       0x60 Src/eeprom.o
 .text._ZL12EE_PageErasemt
                0x0000000008003a8c       0x26 Src/eeprom.o
 *fill*         0x0000000008003ab2        0x2 
 .text._ZL9EE_Formatv
                0x0000000008003ab4       0x60 Src/eeprom.o
 .text._Z15EE_ReadVariabletPm
                0x0000000008003b14       0x6c Src/eeprom.o
                0x0000000008003b14                EE_ReadVariable(unsigned short, unsigned long*)
 .text._ZL15EE_PageTransfertm16EE_Transfer_type
                0x0000000008003b80       0xc8 Src/eeprom.o
 .text._Z7EE_Initv
                0x0000000008003c48      0x1b4 Src/eeprom.o
                0x0000000008003c48                EE_Init()
 .text._Z16EE_WriteVariabletm
                0x0000000008003dfc       0x1c Src/eeprom.o
                0x0000000008003dfc                EE_WriteVariable(unsigned short, unsigned long)
 .text.GPIO_Init
                0x0000000008003e18       0x74 Src/main.o
 .text.MX_DMA_Init
                0x0000000008003e8c       0x44 Src/main.o
 .text.MX_NVIC_Init
                0x0000000008003ed0       0x24 Src/main.o
 .text.Init_Controllers
                0x0000000008003ef4       0xd4 Src/main.o
 .text._Z41__static_initialization_and_destruction_0ii
                0x0000000008003fc8       0x90 Src/main.o
 .text._Error_Handler
                0x0000000008004058        0x2 Src/main.o
                0x0000000008004058                _Error_Handler
 *fill*         0x000000000800405a        0x2 
 .text.TIM2_Init
                0x000000000800405c       0xb8 Src/main.o
 .text.TIM1_Init
                0x0000000008004114      0x104 Src/main.o
 .text.SPI1_Init
                0x0000000008004218       0x74 Src/main.o
 .text.ADC1_Init
                0x000000000800428c       0xa4 Src/main.o
 .text.TIM7_Init
                0x0000000008004330       0x64 Src/main.o
 .text.SPI3_Init
                0x0000000008004394       0x68 Src/main.o
 .text.MX_IWDG_Init
                0x00000000080043fc       0x40 Src/main.o
 .text.SystemClock_Config
                0x000000000800443c       0xd8 Src/main.o
                0x000000000800443c                SystemClock_Config
 .text.ReadEEPROM
                0x0000000008004514      0x218 Src/main.o
                0x0000000008004514                ReadEEPROM
 .text.main     0x000000000800472c      0x10c Src/main.o
                0x000000000800472c                main
 .text._GLOBAL__sub_I_VirtAddVarTab
                0x0000000008004838        0xe Src/main.o
 *fill*         0x0000000008004846        0x2 
 .text.HAL_MspInit
                0x0000000008004848       0x90 Src/stm32l4xx_hal_msp.o
                0x0000000008004848                HAL_MspInit
 .text.HAL_ADC_MspInit
                0x00000000080048d8       0x90 Src/stm32l4xx_hal_msp.o
                0x00000000080048d8                HAL_ADC_MspInit
 .text.HAL_SPI_MspInit
                0x0000000008004968      0x1ac Src/stm32l4xx_hal_msp.o
                0x0000000008004968                HAL_SPI_MspInit
 .text.HAL_TIM_Base_MspInit
                0x0000000008004b14       0x6c Src/stm32l4xx_hal_msp.o
                0x0000000008004b14                HAL_TIM_Base_MspInit
 .text.HAL_TIM_MspPostInit
                0x0000000008004b80       0x60 Src/stm32l4xx_hal_msp.o
                0x0000000008004b80                HAL_TIM_MspPostInit
 .text.NMI_Handler
                0x0000000008004be0        0x2 Src/stm32l4xx_it.o
                0x0000000008004be0                NMI_Handler
 .text.HardFault_Handler
                0x0000000008004be2        0x2 Src/stm32l4xx_it.o
                0x0000000008004be2                HardFault_Handler
 .text.MemManage_Handler
                0x0000000008004be4        0x2 Src/stm32l4xx_it.o
                0x0000000008004be4                MemManage_Handler
 .text.BusFault_Handler
                0x0000000008004be6        0x2 Src/stm32l4xx_it.o
                0x0000000008004be6                BusFault_Handler
 .text.UsageFault_Handler
                0x0000000008004be8        0x2 Src/stm32l4xx_it.o
                0x0000000008004be8                UsageFault_Handler
 .text.SVC_Handler
                0x0000000008004bea        0x2 Src/stm32l4xx_it.o
                0x0000000008004bea                SVC_Handler
 .text.DebugMon_Handler
                0x0000000008004bec        0x2 Src/stm32l4xx_it.o
                0x0000000008004bec                DebugMon_Handler
 .text.PendSV_Handler
                0x0000000008004bee        0x2 Src/stm32l4xx_it.o
                0x0000000008004bee                PendSV_Handler
 .text.SysTick_Handler
                0x0000000008004bf0        0xc Src/stm32l4xx_it.o
                0x0000000008004bf0                SysTick_Handler
 .text.EXTI4_IRQHandler
                0x0000000008004bfc       0x1c Src/stm32l4xx_it.o
                0x0000000008004bfc                EXTI4_IRQHandler
 .text.DMA1_Channel1_IRQHandler
                0x0000000008004c18       0x10 Src/stm32l4xx_it.o
                0x0000000008004c18                DMA1_Channel1_IRQHandler
 .text.DMA1_Channel2_IRQHandler
                0x0000000008004c28       0x10 Src/stm32l4xx_it.o
                0x0000000008004c28                DMA1_Channel2_IRQHandler
 .text.DMA1_Channel3_IRQHandler
                0x0000000008004c38       0x10 Src/stm32l4xx_it.o
                0x0000000008004c38                DMA1_Channel3_IRQHandler
 .text.TIM7_IRQHandler
                0x0000000008004c48       0x10 Src/stm32l4xx_it.o
                0x0000000008004c48                TIM7_IRQHandler
 .text.DMA2_Channel1_IRQHandler
                0x0000000008004c58       0x10 Src/stm32l4xx_it.o
                0x0000000008004c58                DMA2_Channel1_IRQHandler
 .text.DMA2_Channel2_IRQHandler
                0x0000000008004c68       0x10 Src/stm32l4xx_it.o
                0x0000000008004c68                DMA2_Channel2_IRQHandler
 .text.SystemInit
                0x0000000008004c78       0x48 Src/system_stm32l4xx.o
                0x0000000008004c78                SystemInit
 .text.Reset_Handler
                0x0000000008004cc0       0x50 startup/startup_stm32l432xx.o
                0x0000000008004cc0                Reset_Handler
 .text.Default_Handler
                0x0000000008004d10        0x2 startup/startup_stm32l432xx.o
                0x0000000008004d10                RTC_Alarm_IRQHandler
                0x0000000008004d10                EXTI2_IRQHandler
                0x0000000008004d10                TIM1_CC_IRQHandler
                0x0000000008004d10                TSC_IRQHandler
                0x0000000008004d10                TAMP_STAMP_IRQHandler
                0x0000000008004d10                EXTI3_IRQHandler
                0x0000000008004d10                LPTIM2_IRQHandler
                0x0000000008004d10                I2C3_ER_IRQHandler
                0x0000000008004d10                EXTI0_IRQHandler
                0x0000000008004d10                CAN1_RX0_IRQHandler
                0x0000000008004d10                FPU_IRQHandler
                0x0000000008004d10                TIM1_UP_TIM16_IRQHandler
                0x0000000008004d10                SPI1_IRQHandler
                0x0000000008004d10                TIM6_DAC_IRQHandler
                0x0000000008004d10                DMA1_Channel4_IRQHandler
                0x0000000008004d10                ADC1_IRQHandler
                0x0000000008004d10                DMA1_Channel7_IRQHandler
                0x0000000008004d10                CAN1_RX1_IRQHandler
                0x0000000008004d10                QUADSPI_IRQHandler
                0x0000000008004d10                I2C1_EV_IRQHandler
                0x0000000008004d10                DMA1_Channel6_IRQHandler
                0x0000000008004d10                DMA2_Channel4_IRQHandler
                0x0000000008004d10                RCC_IRQHandler
                0x0000000008004d10                TIM1_TRG_COM_IRQHandler
                0x0000000008004d10                Default_Handler
                0x0000000008004d10                DMA2_Channel7_IRQHandler
                0x0000000008004d10                EXTI15_10_IRQHandler
                0x0000000008004d10                I2C3_EV_IRQHandler
                0x0000000008004d10                USB_IRQHandler
                0x0000000008004d10                EXTI9_5_IRQHandler
                0x0000000008004d10                RTC_WKUP_IRQHandler
                0x0000000008004d10                PVD_PVM_IRQHandler
                0x0000000008004d10                CAN1_TX_IRQHandler
                0x0000000008004d10                DMA2_Channel5_IRQHandler
                0x0000000008004d10                CRS_IRQHandler
                0x0000000008004d10                DMA1_Channel5_IRQHandler
                0x0000000008004d10                RNG_IRQHandler
                0x0000000008004d10                COMP_IRQHandler
                0x0000000008004d10                WWDG_IRQHandler
                0x0000000008004d10                LPUART1_IRQHandler
                0x0000000008004d10                DMA2_Channel6_IRQHandler
                0x0000000008004d10                TIM2_IRQHandler
                0x0000000008004d10                EXTI1_IRQHandler
                0x0000000008004d10                USART2_IRQHandler
                0x0000000008004d10                CAN1_SCE_IRQHandler
                0x0000000008004d10                FLASH_IRQHandler
                0x0000000008004d10                USART1_IRQHandler
                0x0000000008004d10                SPI3_IRQHandler
                0x0000000008004d10                I2C1_ER_IRQHandler
                0x0000000008004d10                SWPMI1_IRQHandler
                0x0000000008004d10                LPTIM1_IRQHandler
                0x0000000008004d10                SAI1_IRQHandler
                0x0000000008004d10                DMA2_Channel3_IRQHandler
                0x0000000008004d10                TIM1_BRK_TIM15_IRQHandler
 *fill*         0x0000000008004d12        0x2 
 .text.__libc_init_array
                0x0000000008004d14       0x48 /home/kbisland/Ac6/SystemWorkbench/plugins/fr.ac6.mcu.externaltools.arm-none.linux64_1.16.0.201807130628/tools/compiler/bin/../lib/gcc/arm-none-eabi/7.2.1/../../../../arm-none-eabi/lib/thumb/v7e-m/fpv4-sp/hard/libc_nano.a(lib_a-init.o)
                0x0000000008004d14                __libc_init_array
 *(.glue_7)
 .glue_7        0x0000000008004d5c        0x0 linker stubs
 *(.glue_7t)
 .glue_7t       0x0000000008004d5c        0x0 linker stubs
 *(.eh_frame)
 .eh_frame      0x0000000008004d5c        0x0 /home/kbisland/Ac6/SystemWorkbench/plugins/fr.ac6.mcu.externaltools.arm-none.linux64_1.16.0.201807130628/tools/compiler/bin/../lib/gcc/arm-none-eabi/7.2.1/thumb/v7e-m/fpv4-sp/hard/crtbegin.o
 *(.init)
 .init          0x0000000008004d5c        0x4 /home/kbisland/Ac6/SystemWorkbench/plugins/fr.ac6.mcu.externaltools.arm-none.linux64_1.16.0.201807130628/tools/compiler/bin/../lib/gcc/arm-none-eabi/7.2.1/thumb/v7e-m/fpv4-sp/hard/crti.o
                0x0000000008004d5c                _init
 .init          0x0000000008004d60        0x8 /home/kbisland/Ac6/SystemWorkbench/plugins/fr.ac6.mcu.externaltools.arm-none.linux64_1.16.0.201807130628/tools/compiler/bin/../lib/gcc/arm-none-eabi/7.2.1/thumb/v7e-m/fpv4-sp/hard/crtn.o
 *(.fini)
 .fini          0x0000000008004d68        0x4 /home/kbisland/Ac6/SystemWorkbench/plugins/fr.ac6.mcu.externaltools.arm-none.linux64_1.16.0.201807130628/tools/compiler/bin/../lib/gcc/arm-none-eabi/7.2.1/thumb/v7e-m/fpv4-sp/hard/crti.o
                0x0000000008004d68                _fini
 .fini          0x0000000008004d6c        0x8 /home/kbisland/Ac6/SystemWorkbench/plugins/fr.ac6.mcu.externaltools.arm-none.linux64_1.16.0.201807130628/tools/compiler/bin/../lib/gcc/arm-none-eabi/7.2.1/thumb/v7e-m/fpv4-sp/hard/crtn.o
                0x0000000008004d78                . = ALIGN (0x8)
 *fill*         0x0000000008004d74        0x4 
                0x0000000008004d78                _etext = .

.vfp11_veneer   0x0000000008004d78        0x0
 .vfp11_veneer  0x0000000008004d78        0x0 linker stubs

.v4_bx          0x0000000008004d78        0x0
 .v4_bx         0x0000000008004d78        0x0 linker stubs

.iplt           0x0000000008004d78        0x0
 .iplt          0x0000000008004d78        0x0 /home/kbisland/Ac6/SystemWorkbench/plugins/fr.ac6.mcu.externaltools.arm-none.linux64_1.16.0.201807130628/tools/compiler/bin/../lib/gcc/arm-none-eabi/7.2.1/thumb/v7e-m/fpv4-sp/hard/crtbegin.o

.rodata         0x0000000008004d78       0x78
                0x0000000008004d78                . = ALIGN (0x8)
 *(.rodata)
 .rodata        0x0000000008004d78       0x48 Src/system_stm32l4xx.o
                0x0000000008004d78                MSIRangeTable
                0x0000000008004da8                AHBPrescTable
                0x0000000008004db8                APBPrescTable
 *(.rodata*)
 .rodata.str1.4
                0x0000000008004dc0       0x10 Src/main.o
 .rodata.str1.4
                0x0000000008004dd0       0x1c Src/stm32l4xx_hal_msp.o
                                         0x1b (size before relaxing)
                0x0000000008004df0                . = ALIGN (0x8)
 *fill*         0x0000000008004dec        0x4 

.rel.dyn        0x0000000008004df0        0x0
 .rel.iplt      0x0000000008004df0        0x0 /home/kbisland/Ac6/SystemWorkbench/plugins/fr.ac6.mcu.externaltools.arm-none.linux64_1.16.0.201807130628/tools/compiler/bin/../lib/gcc/arm-none-eabi/7.2.1/thumb/v7e-m/fpv4-sp/hard/crtbegin.o

.ARM.extab      0x0000000008004df0        0x0
                0x0000000008004df0                . = ALIGN (0x8)
 *(.ARM.extab* .gnu.linkonce.armextab.*)
                0x0000000008004df0                . = ALIGN (0x8)

.ARM            0x0000000008004df0        0x0
                0x0000000008004df0                . = ALIGN (0x8)
                0x0000000008004df0                __exidx_start = .
 *(.ARM.exidx*)
                0x0000000008004df0                __exidx_end = .
                0x0000000008004df0                . = ALIGN (0x8)

.preinit_array  0x0000000008004df0        0x0
                0x0000000008004df0                . = ALIGN (0x8)
                0x0000000008004df0                PROVIDE (__preinit_array_start, .)
 *(.preinit_array*)
                0x0000000008004df0                PROVIDE (__preinit_array_end, .)
                0x0000000008004df0                . = ALIGN (0x8)

.init_array     0x0000000008004df0        0x8
                0x0000000008004df0                . = ALIGN (0x8)
                0x0000000008004df0                PROVIDE (__init_array_start, .)
 *(SORT_BY_NAME(.init_array.*))
 *(.init_array*)
 .init_array    0x0000000008004df0        0x4 /home/kbisland/Ac6/SystemWorkbench/plugins/fr.ac6.mcu.externaltools.arm-none.linux64_1.16.0.201807130628/tools/compiler/bin/../lib/gcc/arm-none-eabi/7.2.1/thumb/v7e-m/fpv4-sp/hard/crtbegin.o
 .init_array    0x0000000008004df4        0x4 Src/main.o
                0x0000000008004df8                PROVIDE (__init_array_end, .)
                0x0000000008004df8                . = ALIGN (0x8)

.fini_array     0x0000000008004df8        0x8
                0x0000000008004df8                . = ALIGN (0x8)
                [!provide]                        PROVIDE (__fini_array_start, .)
 *(SORT_BY_NAME(.fini_array.*))
 *(.fini_array*)
 .fini_array    0x0000000008004df8        0x4 /home/kbisland/Ac6/SystemWorkbench/plugins/fr.ac6.mcu.externaltools.arm-none.linux64_1.16.0.201807130628/tools/compiler/bin/../lib/gcc/arm-none-eabi/7.2.1/thumb/v7e-m/fpv4-sp/hard/crtbegin.o
                [!provide]                        PROVIDE (__fini_array_end, .)
                0x0000000008004e00                . = ALIGN (0x8)
 *fill*         0x0000000008004dfc        0x4 
                0x0000000008004e00                _sidata = LOADADDR (.data)

.data           0x0000000020000000      0x180 load address 0x0000000008004e00
                0x0000000020000000                . = ALIGN (0x8)
                0x0000000020000000                _sdata = .
 *(.data)
 .data          0x0000000020000000       0x20 Drivers/STM32L4xx_HAL_Driver/Src/stm32l4xx_hal_flash.o
                0x0000000020000000                pFlash
 .data          0x0000000020000020      0x158 Src/main.o
                0x0000000020000020                _TXData
                0x000000002000002a                devID
                0x000000002000002c                VirtAddVarTab
                0x000000002000016c                Pkp
                0x0000000020000170                Vkp
                0x0000000020000174                Tkp
 .data          0x0000000020000178        0x4 Src/system_stm32l4xx.o
                0x0000000020000178                SystemCoreClock
 *(.data*)
                0x0000000020000180                . = ALIGN (0x8)
 *fill*         0x000000002000017c        0x4 
                0x0000000020000180                _edata = .

.igot.plt       0x0000000020000180        0x0 load address 0x0000000008004f80
 .igot.plt      0x0000000020000180        0x0 /home/kbisland/Ac6/SystemWorkbench/plugins/fr.ac6.mcu.externaltools.arm-none.linux64_1.16.0.201807130628/tools/compiler/bin/../lib/gcc/arm-none-eabi/7.2.1/thumb/v7e-m/fpv4-sp/hard/crtbegin.o
                0x0000000020000180                . = ALIGN (0x4)

.bss            0x0000000020000180      0x674 load address 0x0000000008004f80
                0x0000000020000180                _sbss = .
                0x0000000020000180                __bss_start__ = _sbss
 *(.bss)
 .bss           0x0000000020000180       0x1c /home/kbisland/Ac6/SystemWorkbench/plugins/fr.ac6.mcu.externaltools.arm-none.linux64_1.16.0.201807130628/tools/compiler/bin/../lib/gcc/arm-none-eabi/7.2.1/thumb/v7e-m/fpv4-sp/hard/crtbegin.o
 *fill*         0x000000002000019c        0x4 
 .bss           0x00000000200001a0      0x650 Src/main.o
                0x00000000200001a0                Position
                0x0000000020000200                Pkd
                0x0000000020000204                Pki
                0x0000000020000208                Velocity
                0x0000000020000268                Torque
                0x00000000200002c8                encoder
                0x0000000020000318                PCLK1_Freq
                0x000000002000031c                htim2
                0x000000002000035c                htim1
                0x000000002000039c                hspi1
                0x0000000020000400                hadc1
                0x0000000020000464                htim7
                0x00000000200004a4                hspi3
                0x0000000020000508                hiwdg
                0x0000000020000518                controller
                0x000000002000051c                Setpoint
                0x0000000020000520                Out
                0x0000000020000524                replyNow
                0x0000000020000528                Data
                0x000000002000052c                Vki
                0x0000000020000530                Tki
                0x0000000020000534                Tkd
                0x0000000020000538                Vkd
                0x000000002000053c                wTransferState
                0x0000000020000540                Output
                0x0000000020000544                hdma_adc1
                0x000000002000058c                hdma_spi3_tx
                0x00000000200005d4                hdma_spi3_rx
                0x000000002000061c                hdma_spi1_tx
                0x0000000020000664                hdma_spi1_rx
                0x00000000200006ac                VarValue
                0x00000000200006b0                VarDataTab
 *(.bss*)
 *(COMMON)
 COMMON         0x00000000200007f0        0x4 Drivers/STM32L4xx_HAL_Driver/Src/stm32l4xx_hal.o
                0x00000000200007f0                uwTick
                0x00000000200007f4                . = ALIGN (0x4)
                0x00000000200007f4                _ebss = .
                0x00000000200007f4                __bss_end__ = _ebss

._user_heap_stack
                0x00000000200007f4      0x604 load address 0x0000000008004f80
                0x00000000200007f8                . = ALIGN (0x8)
 *fill*         0x00000000200007f4        0x4 
                [!provide]                        PROVIDE (end, .)
                [!provide]                        PROVIDE (_end, .)
                0x00000000200009f8                . = (. + _Min_Heap_Size)
 *fill*         0x00000000200007f8      0x200 
                0x0000000020000df8                . = (. + _Min_Stack_Size)
 *fill*         0x00000000200009f8      0x400 
                0x0000000020000df8                . = ALIGN (0x8)

/DISCARD/
 libc.a(*)
 libm.a(*)
 libgcc.a(*)

.ARM.attributes
                0x0000000000000000       0x30
 *(.ARM.attributes)
 .ARM.attributes
                0x0000000000000000       0x22 /home/kbisland/Ac6/SystemWorkbench/plugins/fr.ac6.mcu.externaltools.arm-none.linux64_1.16.0.201807130628/tools/compiler/bin/../lib/gcc/arm-none-eabi/7.2.1/thumb/v7e-m/fpv4-sp/hard/crti.o
 .ARM.attributes
                0x0000000000000022       0x34 /home/kbisland/Ac6/SystemWorkbench/plugins/fr.ac6.mcu.externaltools.arm-none.linux64_1.16.0.201807130628/tools/compiler/bin/../lib/gcc/arm-none-eabi/7.2.1/thumb/v7e-m/fpv4-sp/hard/crtbegin.o
 .ARM.attributes
                0x0000000000000056       0x39 Drivers/STM32L4xx_HAL_Driver/Src/stm32l4xx_hal.o
 .ARM.attributes
                0x000000000000008f       0x39 Drivers/STM32L4xx_HAL_Driver/Src/stm32l4xx_hal_adc.o
 .ARM.attributes
                0x00000000000000c8       0x39 Drivers/STM32L4xx_HAL_Driver/Src/stm32l4xx_hal_cortex.o
 .ARM.attributes
                0x0000000000000101       0x39 Drivers/STM32L4xx_HAL_Driver/Src/stm32l4xx_hal_dma.o
 .ARM.attributes
                0x000000000000013a       0x39 Drivers/STM32L4xx_HAL_Driver/Src/stm32l4xx_hal_flash.o
 .ARM.attributes
                0x0000000000000173       0x39 Drivers/STM32L4xx_HAL_Driver/Src/stm32l4xx_hal_flash_ex.o
 .ARM.attributes
                0x00000000000001ac       0x39 Drivers/STM32L4xx_HAL_Driver/Src/stm32l4xx_hal_gpio.o
 .ARM.attributes
                0x00000000000001e5       0x39 Drivers/STM32L4xx_HAL_Driver/Src/stm32l4xx_hal_iwdg.o
 .ARM.attributes
                0x000000000000021e       0x39 Drivers/STM32L4xx_HAL_Driver/Src/stm32l4xx_hal_pwr_ex.o
 .ARM.attributes
                0x0000000000000257       0x39 Drivers/STM32L4xx_HAL_Driver/Src/stm32l4xx_hal_rcc.o
 .ARM.attributes
                0x0000000000000290       0x39 Drivers/STM32L4xx_HAL_Driver/Src/stm32l4xx_hal_rcc_ex.o
 .ARM.attributes
                0x00000000000002c9       0x39 Drivers/STM32L4xx_HAL_Driver/Src/stm32l4xx_hal_spi.o
 .ARM.attributes
                0x0000000000000302       0x39 Drivers/STM32L4xx_HAL_Driver/Src/stm32l4xx_hal_tim.o
 .ARM.attributes
                0x000000000000033b       0x39 Drivers/STM32L4xx_HAL_Driver/Src/stm32l4xx_hal_tim_ex.o
 .ARM.attributes
                0x0000000000000374       0x39 Src/MA702/MA702.o
 .ARM.attributes
                0x00000000000003ad       0x39 Src/PID/PID.o
 .ARM.attributes
                0x00000000000003e6       0x39 Src/eeprom.o
 .ARM.attributes
                0x000000000000041f       0x39 Src/main.o
 .ARM.attributes
                0x0000000000000458       0x39 Src/stm32l4xx_hal_msp.o
 .ARM.attributes
                0x0000000000000491       0x39 Src/stm32l4xx_it.o
 .ARM.attributes
                0x00000000000004ca       0x39 Src/system_stm32l4xx.o
 .ARM.attributes
                0x0000000000000503       0x21 startup/startup_stm32l432xx.o
 .ARM.attributes
                0x0000000000000524       0x22 /home/kbisland/Ac6/SystemWorkbench/plugins/fr.ac6.mcu.externaltools.arm-none.linux64_1.16.0.201807130628/tools/compiler/bin/../lib/gcc/arm-none-eabi/7.2.1/thumb/v7e-m/fpv4-sp/hard/libgcc.a(_arm_addsubdf3.o)
 .ARM.attributes
                0x0000000000000546       0x22 /home/kbisland/Ac6/SystemWorkbench/plugins/fr.ac6.mcu.externaltools.arm-none.linux64_1.16.0.201807130628/tools/compiler/bin/../lib/gcc/arm-none-eabi/7.2.1/thumb/v7e-m/fpv4-sp/hard/libgcc.a(_arm_muldivdf3.o)
 .ARM.attributes
                0x0000000000000568       0x22 /home/kbisland/Ac6/SystemWorkbench/plugins/fr.ac6.mcu.externaltools.arm-none.linux64_1.16.0.201807130628/tools/compiler/bin/../lib/gcc/arm-none-eabi/7.2.1/thumb/v7e-m/fpv4-sp/hard/libgcc.a(_arm_cmpdf2.o)
 .ARM.attributes
                0x000000000000058a       0x22 /home/kbisland/Ac6/SystemWorkbench/plugins/fr.ac6.mcu.externaltools.arm-none.linux64_1.16.0.201807130628/tools/compiler/bin/../lib/gcc/arm-none-eabi/7.2.1/thumb/v7e-m/fpv4-sp/hard/libgcc.a(_arm_truncdfsf2.o)
 .ARM.attributes
                0x00000000000005ac       0x34 /home/kbisland/Ac6/SystemWorkbench/plugins/fr.ac6.mcu.externaltools.arm-none.linux64_1.16.0.201807130628/tools/compiler/bin/../lib/gcc/arm-none-eabi/7.2.1/../../../../arm-none-eabi/lib/thumb/v7e-m/fpv4-sp/hard/libc_nano.a(lib_a-init.o)
 .ARM.attributes
                0x00000000000005e0       0x22 /home/kbisland/Ac6/SystemWorkbench/plugins/fr.ac6.mcu.externaltools.arm-none.linux64_1.16.0.201807130628/tools/compiler/bin/../lib/gcc/arm-none-eabi/7.2.1/thumb/v7e-m/fpv4-sp/hard/crtn.o
OUTPUT(idek2.elf elf32-littlearm)

.debug_info     0x0000000000000000    0x17c39
 .debug_info    0x0000000000000000      0x982 Drivers/STM32L4xx_HAL_Driver/Src/stm32l4xx_hal.o
 .debug_info    0x0000000000000982     0x2762 Drivers/STM32L4xx_HAL_Driver/Src/stm32l4xx_hal_adc.o
 .debug_info    0x00000000000030e4      0xef0 Drivers/STM32L4xx_HAL_Driver/Src/stm32l4xx_hal_cortex.o
 .debug_info    0x0000000000003fd4      0x84c Drivers/STM32L4xx_HAL_Driver/Src/stm32l4xx_hal_dma.o
 .debug_info    0x0000000000004820      0x7ba Drivers/STM32L4xx_HAL_Driver/Src/stm32l4xx_hal_flash.o
 .debug_info    0x0000000000004fda      0x9a7 Drivers/STM32L4xx_HAL_Driver/Src/stm32l4xx_hal_flash_ex.o
 .debug_info    0x0000000000005981      0x85c Drivers/STM32L4xx_HAL_Driver/Src/stm32l4xx_hal_gpio.o
 .debug_info    0x00000000000061dd      0x2c4 Drivers/STM32L4xx_HAL_Driver/Src/stm32l4xx_hal_iwdg.o
 .debug_info    0x00000000000064a1      0xa46 Drivers/STM32L4xx_HAL_Driver/Src/stm32l4xx_hal_pwr_ex.o
 .debug_info    0x0000000000006ee7      0xde8 Drivers/STM32L4xx_HAL_Driver/Src/stm32l4xx_hal_rcc.o
 .debug_info    0x0000000000007ccf     0x111d Drivers/STM32L4xx_HAL_Driver/Src/stm32l4xx_hal_rcc_ex.o
 .debug_info    0x0000000000008dec     0x1de1 Drivers/STM32L4xx_HAL_Driver/Src/stm32l4xx_hal_spi.o
 .debug_info    0x000000000000abcd     0x2fc2 Drivers/STM32L4xx_HAL_Driver/Src/stm32l4xx_hal_tim.o
 .debug_info    0x000000000000db8f     0x151d Drivers/STM32L4xx_HAL_Driver/Src/stm32l4xx_hal_tim_ex.o
 .debug_info    0x000000000000f0ac     0x1f5d Src/MA702/MA702.o
 .debug_info    0x0000000000011009      0x981 Src/PID/PID.o
 .debug_info    0x000000000001198a      0x99a Src/eeprom.o
 .debug_info    0x0000000000012324     0x32e4 Src/main.o
 .debug_info    0x0000000000015608     0x16da Src/stm32l4xx_hal_msp.o
 .debug_info    0x0000000000016ce2      0x95b Src/stm32l4xx_it.o
 .debug_info    0x000000000001763d      0x5da Src/system_stm32l4xx.o
 .debug_info    0x0000000000017c17       0x22 startup/startup_stm32l432xx.o

.debug_abbrev   0x0000000000000000     0x2f82
 .debug_abbrev  0x0000000000000000      0x1fc Drivers/STM32L4xx_HAL_Driver/Src/stm32l4xx_hal.o
 .debug_abbrev  0x00000000000001fc      0x2a3 Drivers/STM32L4xx_HAL_Driver/Src/stm32l4xx_hal_adc.o
 .debug_abbrev  0x000000000000049f      0x2fa Drivers/STM32L4xx_HAL_Driver/Src/stm32l4xx_hal_cortex.o
 .debug_abbrev  0x0000000000000799      0x233 Drivers/STM32L4xx_HAL_Driver/Src/stm32l4xx_hal_dma.o
 .debug_abbrev  0x00000000000009cc      0x25a Drivers/STM32L4xx_HAL_Driver/Src/stm32l4xx_hal_flash.o
 .debug_abbrev  0x0000000000000c26      0x220 Drivers/STM32L4xx_HAL_Driver/Src/stm32l4xx_hal_flash_ex.o
 .debug_abbrev  0x0000000000000e46      0x1de Drivers/STM32L4xx_HAL_Driver/Src/stm32l4xx_hal_gpio.o
 .debug_abbrev  0x0000000000001024      0x149 Drivers/STM32L4xx_HAL_Driver/Src/stm32l4xx_hal_iwdg.o
 .debug_abbrev  0x000000000000116d      0x1fc Drivers/STM32L4xx_HAL_Driver/Src/stm32l4xx_hal_pwr_ex.o
 .debug_abbrev  0x0000000000001369      0x22c Drivers/STM32L4xx_HAL_Driver/Src/stm32l4xx_hal_rcc.o
 .debug_abbrev  0x0000000000001595      0x24c Drivers/STM32L4xx_HAL_Driver/Src/stm32l4xx_hal_rcc_ex.o
 .debug_abbrev  0x00000000000017e1      0x238 Drivers/STM32L4xx_HAL_Driver/Src/stm32l4xx_hal_spi.o
 .debug_abbrev  0x0000000000001a19      0x21b Drivers/STM32L4xx_HAL_Driver/Src/stm32l4xx_hal_tim.o
 .debug_abbrev  0x0000000000001c34      0x246 Drivers/STM32L4xx_HAL_Driver/Src/stm32l4xx_hal_tim_ex.o
 .debug_abbrev  0x0000000000001e7a      0x451 Src/MA702/MA702.o
 .debug_abbrev  0x00000000000022cb      0x218 Src/PID/PID.o
 .debug_abbrev  0x00000000000024e3      0x1cf Src/eeprom.o
 .debug_abbrev  0x00000000000026b2      0x390 Src/main.o
 .debug_abbrev  0x0000000000002a42      0x235 Src/stm32l4xx_hal_msp.o
 .debug_abbrev  0x0000000000002c77      0x1c5 Src/stm32l4xx_it.o
 .debug_abbrev  0x0000000000002e3c      0x134 Src/system_stm32l4xx.o
 .debug_abbrev  0x0000000000002f70       0x12 startup/startup_stm32l432xx.o

.debug_loc      0x0000000000000000     0xd423
 .debug_loc     0x0000000000000000       0xbe Drivers/STM32L4xx_HAL_Driver/Src/stm32l4xx_hal.o
 .debug_loc     0x00000000000000be     0x1c40 Drivers/STM32L4xx_HAL_Driver/Src/stm32l4xx_hal_adc.o
 .debug_loc     0x0000000000001cfe      0x5ce Drivers/STM32L4xx_HAL_Driver/Src/stm32l4xx_hal_cortex.o
 .debug_loc     0x00000000000022cc      0x79c Drivers/STM32L4xx_HAL_Driver/Src/stm32l4xx_hal_dma.o
 .debug_loc     0x0000000000002a68      0x4b7 Drivers/STM32L4xx_HAL_Driver/Src/stm32l4xx_hal_flash.o
 .debug_loc     0x0000000000002f1f      0x625 Drivers/STM32L4xx_HAL_Driver/Src/stm32l4xx_hal_flash_ex.o
 .debug_loc     0x0000000000003544      0x353 Drivers/STM32L4xx_HAL_Driver/Src/stm32l4xx_hal_gpio.o
 .debug_loc     0x0000000000003897       0x6b Drivers/STM32L4xx_HAL_Driver/Src/stm32l4xx_hal_iwdg.o
 .debug_loc     0x0000000000003902      0x5dc Drivers/STM32L4xx_HAL_Driver/Src/stm32l4xx_hal_pwr_ex.o
 .debug_loc     0x0000000000003ede      0x624 Drivers/STM32L4xx_HAL_Driver/Src/stm32l4xx_hal_rcc.o
 .debug_loc     0x0000000000004502     0x143a Drivers/STM32L4xx_HAL_Driver/Src/stm32l4xx_hal_rcc_ex.o
 .debug_loc     0x000000000000593c     0x1a8f Drivers/STM32L4xx_HAL_Driver/Src/stm32l4xx_hal_spi.o
 .debug_loc     0x00000000000073cb     0x377f Drivers/STM32L4xx_HAL_Driver/Src/stm32l4xx_hal_tim.o
 .debug_loc     0x000000000000ab4a     0x16fc Drivers/STM32L4xx_HAL_Driver/Src/stm32l4xx_hal_tim_ex.o
 .debug_loc     0x000000000000c246      0x33a Src/MA702/MA702.o
 .debug_loc     0x000000000000c580      0x3c6 Src/PID/PID.o
 .debug_loc     0x000000000000c946      0x757 Src/eeprom.o
 .debug_loc     0x000000000000d09d       0x63 Src/main.o
 .debug_loc     0x000000000000d100      0x16b Src/stm32l4xx_hal_msp.o
 .debug_loc     0x000000000000d26b      0x1b8 Src/system_stm32l4xx.o

.debug_aranges  0x0000000000000000     0x1160
 .debug_aranges
                0x0000000000000000       0xf0 Drivers/STM32L4xx_HAL_Driver/Src/stm32l4xx_hal.o
 .debug_aranges
                0x00000000000000f0       0xf8 Drivers/STM32L4xx_HAL_Driver/Src/stm32l4xx_hal_adc.o
 .debug_aranges
                0x00000000000001e8       0xa8 Drivers/STM32L4xx_HAL_Driver/Src/stm32l4xx_hal_cortex.o
 .debug_aranges
                0x0000000000000290       0x80 Drivers/STM32L4xx_HAL_Driver/Src/stm32l4xx_hal_dma.o
 .debug_aranges
                0x0000000000000310       0x88 Drivers/STM32L4xx_HAL_Driver/Src/stm32l4xx_hal_flash.o
 .debug_aranges
                0x0000000000000398       0x90 Drivers/STM32L4xx_HAL_Driver/Src/stm32l4xx_hal_flash_ex.o
 .debug_aranges
                0x0000000000000428       0x58 Drivers/STM32L4xx_HAL_Driver/Src/stm32l4xx_hal_gpio.o
 .debug_aranges
                0x0000000000000480       0x28 Drivers/STM32L4xx_HAL_Driver/Src/stm32l4xx_hal_iwdg.o
 .debug_aranges
                0x00000000000004a8      0x108 Drivers/STM32L4xx_HAL_Driver/Src/stm32l4xx_hal_pwr_ex.o
 .debug_aranges
                0x00000000000005b0       0x88 Drivers/STM32L4xx_HAL_Driver/Src/stm32l4xx_hal_rcc.o
 .debug_aranges
                0x0000000000000638       0xf0 Drivers/STM32L4xx_HAL_Driver/Src/stm32l4xx_hal_rcc_ex.o
 .debug_aranges
                0x0000000000000728      0x1d8 Drivers/STM32L4xx_HAL_Driver/Src/stm32l4xx_hal_spi.o
 .debug_aranges
                0x0000000000000900      0x378 Drivers/STM32L4xx_HAL_Driver/Src/stm32l4xx_hal_tim.o
 .debug_aranges
                0x0000000000000c78      0x158 Drivers/STM32L4xx_HAL_Driver/Src/stm32l4xx_hal_tim_ex.o
 .debug_aranges
                0x0000000000000dd0       0x70 Src/MA702/MA702.o
 .debug_aranges
                0x0000000000000e40       0xc0 Src/PID/PID.o
 .debug_aranges
                0x0000000000000f00       0x70 Src/eeprom.o
 .debug_aranges
                0x0000000000000f70       0xb0 Src/main.o
 .debug_aranges
                0x0000000000001020       0x58 Src/stm32l4xx_hal_msp.o
 .debug_aranges
                0x0000000000001078       0x98 Src/stm32l4xx_it.o
 .debug_aranges
                0x0000000000001110       0x28 Src/system_stm32l4xx.o
 .debug_aranges
                0x0000000000001138       0x28 startup/startup_stm32l432xx.o

.debug_ranges   0x0000000000000000     0x11d0
 .debug_ranges  0x0000000000000000       0xe0 Drivers/STM32L4xx_HAL_Driver/Src/stm32l4xx_hal.o
 .debug_ranges  0x00000000000000e0      0x208 Drivers/STM32L4xx_HAL_Driver/Src/stm32l4xx_hal_adc.o
 .debug_ranges  0x00000000000002e8       0xf8 Drivers/STM32L4xx_HAL_Driver/Src/stm32l4xx_hal_cortex.o
 .debug_ranges  0x00000000000003e0       0x70 Drivers/STM32L4xx_HAL_Driver/Src/stm32l4xx_hal_dma.o
 .debug_ranges  0x0000000000000450       0x78 Drivers/STM32L4xx_HAL_Driver/Src/stm32l4xx_hal_flash.o
 .debug_ranges  0x00000000000004c8       0x80 Drivers/STM32L4xx_HAL_Driver/Src/stm32l4xx_hal_flash_ex.o
 .debug_ranges  0x0000000000000548       0x48 Drivers/STM32L4xx_HAL_Driver/Src/stm32l4xx_hal_gpio.o
 .debug_ranges  0x0000000000000590       0x18 Drivers/STM32L4xx_HAL_Driver/Src/stm32l4xx_hal_iwdg.o
 .debug_ranges  0x00000000000005a8       0xf8 Drivers/STM32L4xx_HAL_Driver/Src/stm32l4xx_hal_pwr_ex.o
 .debug_ranges  0x00000000000006a0       0x90 Drivers/STM32L4xx_HAL_Driver/Src/stm32l4xx_hal_rcc.o
 .debug_ranges  0x0000000000000730       0xf8 Drivers/STM32L4xx_HAL_Driver/Src/stm32l4xx_hal_rcc_ex.o
 .debug_ranges  0x0000000000000828      0x1c8 Drivers/STM32L4xx_HAL_Driver/Src/stm32l4xx_hal_spi.o
 .debug_ranges  0x00000000000009f0      0x368 Drivers/STM32L4xx_HAL_Driver/Src/stm32l4xx_hal_tim.o
 .debug_ranges  0x0000000000000d58      0x148 Drivers/STM32L4xx_HAL_Driver/Src/stm32l4xx_hal_tim_ex.o
 .debug_ranges  0x0000000000000ea0       0x60 Src/MA702/MA702.o
 .debug_ranges  0x0000000000000f00       0xb0 Src/PID/PID.o
 .debug_ranges  0x0000000000000fb0       0x78 Src/eeprom.o
 .debug_ranges  0x0000000000001028       0xa0 Src/main.o
 .debug_ranges  0x00000000000010c8       0x48 Src/stm32l4xx_hal_msp.o
 .debug_ranges  0x0000000000001110       0x88 Src/stm32l4xx_it.o
 .debug_ranges  0x0000000000001198       0x18 Src/system_stm32l4xx.o
 .debug_ranges  0x00000000000011b0       0x20 startup/startup_stm32l432xx.o

.debug_macro    0x0000000000000000    0x24c30
 .debug_macro   0x0000000000000000      0x260 Drivers/STM32L4xx_HAL_Driver/Src/stm32l4xx_hal.o
 .debug_macro   0x0000000000000260      0xa60 Drivers/STM32L4xx_HAL_Driver/Src/stm32l4xx_hal.o
 .debug_macro   0x0000000000000cc0       0xac Drivers/STM32L4xx_HAL_Driver/Src/stm32l4xx_hal.o
 .debug_macro   0x0000000000000d6c       0xc0 Drivers/STM32L4xx_HAL_Driver/Src/stm32l4xx_hal.o
 .debug_macro   0x0000000000000e2c       0x2e Drivers/STM32L4xx_HAL_Driver/Src/stm32l4xx_hal.o
 .debug_macro   0x0000000000000e5a       0x28 Drivers/STM32L4xx_HAL_Driver/Src/stm32l4xx_hal.o
 .debug_macro   0x0000000000000e82       0x22 Drivers/STM32L4xx_HAL_Driver/Src/stm32l4xx_hal.o
 .debug_macro   0x0000000000000ea4       0x87 Drivers/STM32L4xx_HAL_Driver/Src/stm32l4xx_hal.o
 .debug_macro   0x0000000000000f2b       0x51 Drivers/STM32L4xx_HAL_Driver/Src/stm32l4xx_hal.o
 .debug_macro   0x0000000000000f7c       0xef Drivers/STM32L4xx_HAL_Driver/Src/stm32l4xx_hal.o
 .debug_macro   0x000000000000106b       0x6a Drivers/STM32L4xx_HAL_Driver/Src/stm32l4xx_hal.o
 .debug_macro   0x00000000000010d5      0x1df Drivers/STM32L4xx_HAL_Driver/Src/stm32l4xx_hal.o
 .debug_macro   0x00000000000012b4       0x35 Drivers/STM32L4xx_HAL_Driver/Src/stm32l4xx_hal.o
 .debug_macro   0x00000000000012e9       0x50 Drivers/STM32L4xx_HAL_Driver/Src/stm32l4xx_hal.o
 .debug_macro   0x0000000000001339      0xe66 Drivers/STM32L4xx_HAL_Driver/Src/stm32l4xx_hal.o
 .debug_macro   0x000000000000219f    0x14744 Drivers/STM32L4xx_HAL_Driver/Src/stm32l4xx_hal.o
 .debug_macro   0x00000000000168e3       0x43 Drivers/STM32L4xx_HAL_Driver/Src/stm32l4xx_hal.o
 .debug_macro   0x0000000000016926     0x3788 Drivers/STM32L4xx_HAL_Driver/Src/stm32l4xx_hal.o
 .debug_macro   0x000000000001a0ae      0x174 Drivers/STM32L4xx_HAL_Driver/Src/stm32l4xx_hal.o
 .debug_macro   0x000000000001a222       0x50 Drivers/STM32L4xx_HAL_Driver/Src/stm32l4xx_hal.o
 .debug_macro   0x000000000001a272     0x118b Drivers/STM32L4xx_HAL_Driver/Src/stm32l4xx_hal.o
 .debug_macro   0x000000000001b3fd      0x535 Drivers/STM32L4xx_HAL_Driver/Src/stm32l4xx_hal.o
 .debug_macro   0x000000000001b932      0x148 Drivers/STM32L4xx_HAL_Driver/Src/stm32l4xx_hal.o
 .debug_macro   0x000000000001ba7a      0x122 Drivers/STM32L4xx_HAL_Driver/Src/stm32l4xx_hal.o
 .debug_macro   0x000000000001bb9c      0x26b Drivers/STM32L4xx_HAL_Driver/Src/stm32l4xx_hal.o
 .debug_macro   0x000000000001be07      0x23a Drivers/STM32L4xx_HAL_Driver/Src/stm32l4xx_hal.o
 .debug_macro   0x000000000001c041      0xdda Drivers/STM32L4xx_HAL_Driver/Src/stm32l4xx_hal.o
 .debug_macro   0x000000000001ce1b      0x61d Drivers/STM32L4xx_HAL_Driver/Src/stm32l4xx_hal.o
 .debug_macro   0x000000000001d438      0x241 Drivers/STM32L4xx_HAL_Driver/Src/stm32l4xx_hal.o
 .debug_macro   0x000000000001d679      0x367 Drivers/STM32L4xx_HAL_Driver/Src/stm32l4xx_hal.o
 .debug_macro   0x000000000001d9e0       0xe4 Drivers/STM32L4xx_HAL_Driver/Src/stm32l4xx_hal.o
 .debug_macro   0x000000000001dac4      0x22c Drivers/STM32L4xx_HAL_Driver/Src/stm32l4xx_hal.o
 .debug_macro   0x000000000001dcf0       0x61 Drivers/STM32L4xx_HAL_Driver/Src/stm32l4xx_hal.o
 .debug_macro   0x000000000001dd51       0xa5 Drivers/STM32L4xx_HAL_Driver/Src/stm32l4xx_hal.o
 .debug_macro   0x000000000001ddf6       0x87 Drivers/STM32L4xx_HAL_Driver/Src/stm32l4xx_hal.o
 .debug_macro   0x000000000001de7d      0x126 Drivers/STM32L4xx_HAL_Driver/Src/stm32l4xx_hal.o
 .debug_macro   0x000000000001dfa3      0x2d2 Drivers/STM32L4xx_HAL_Driver/Src/stm32l4xx_hal.o
 .debug_macro   0x000000000001e275      0x2fe Drivers/STM32L4xx_HAL_Driver/Src/stm32l4xx_hal.o
 .debug_macro   0x000000000001e573      0x9f7 Drivers/STM32L4xx_HAL_Driver/Src/stm32l4xx_hal.o
 .debug_macro   0x000000000001ef6a      0x135 Drivers/STM32L4xx_HAL_Driver/Src/stm32l4xx_hal.o
 .debug_macro   0x000000000001f09f      0x21a Drivers/STM32L4xx_HAL_Driver/Src/stm32l4xx_hal.o
 .debug_macro   0x000000000001f2b9      0x235 Drivers/STM32L4xx_HAL_Driver/Src/stm32l4xx_hal_adc.o
 .debug_macro   0x000000000001f4ee      0x218 Drivers/STM32L4xx_HAL_Driver/Src/stm32l4xx_hal_cortex.o
 .debug_macro   0x000000000001f706      0x218 Drivers/STM32L4xx_HAL_Driver/Src/stm32l4xx_hal_dma.o
 .debug_macro   0x000000000001f91e      0x21e Drivers/STM32L4xx_HAL_Driver/Src/stm32l4xx_hal_flash.o
 .debug_macro   0x000000000001fb3c      0x218 Drivers/STM32L4xx_HAL_Driver/Src/stm32l4xx_hal_flash_ex.o
 .debug_macro   0x000000000001fd54      0x257 Drivers/STM32L4xx_HAL_Driver/Src/stm32l4xx_hal_gpio.o
 .debug_macro   0x000000000001ffab      0x21f Drivers/STM32L4xx_HAL_Driver/Src/stm32l4xx_hal_iwdg.o
 .debug_macro   0x00000000000201ca      0x23c Drivers/STM32L4xx_HAL_Driver/Src/stm32l4xx_hal_pwr_ex.o
 .debug_macro   0x0000000000020406      0x25a Drivers/STM32L4xx_HAL_Driver/Src/stm32l4xx_hal_rcc.o
 .debug_macro   0x0000000000020660      0x24e Drivers/STM32L4xx_HAL_Driver/Src/stm32l4xx_hal_rcc_ex.o
 .debug_macro   0x00000000000208ae      0x220 Drivers/STM32L4xx_HAL_Driver/Src/stm32l4xx_hal_spi.o
 .debug_macro   0x0000000000020ace      0x219 Drivers/STM32L4xx_HAL_Driver/Src/stm32l4xx_hal_tim.o
 .debug_macro   0x0000000000020ce7      0x218 Drivers/STM32L4xx_HAL_Driver/Src/stm32l4xx_hal_tim_ex.o
 .debug_macro   0x0000000000020eff      0x361 Src/MA702/MA702.o
 .debug_macro   0x0000000000021260      0xb32 Src/MA702/MA702.o
 .debug_macro   0x0000000000021d92       0x1c Src/MA702/MA702.o
 .debug_macro   0x0000000000021dae      0xe66 Src/MA702/MA702.o
 .debug_macro   0x0000000000022c14      0x17b Src/MA702/MA702.o
 .debug_macro   0x0000000000022d8f       0x22 Src/MA702/MA702.o
 .debug_macro   0x0000000000022db1      0x168 Src/MA702/MA702.o
 .debug_macro   0x0000000000022f19       0x10 Src/MA702/MA702.o
 .debug_macro   0x0000000000022f29      0x3f4 Src/MA702/MA702.o
 .debug_macro   0x000000000002331d       0x18 Src/MA702/MA702.o
 .debug_macro   0x0000000000023335       0x58 Src/MA702/MA702.o
 .debug_macro   0x000000000002338d       0x17 Src/MA702/MA702.o
 .debug_macro   0x00000000000233a4       0x35 Src/MA702/MA702.o
 .debug_macro   0x00000000000233d9       0x9c Src/MA702/MA702.o
 .debug_macro   0x0000000000023475       0x58 Src/MA702/MA702.o
 .debug_macro   0x00000000000234cd       0x1f Src/MA702/MA702.o
 .debug_macro   0x00000000000234ec       0x43 Src/MA702/MA702.o
 .debug_macro   0x000000000002352f       0x20 Src/MA702/MA702.o
 .debug_macro   0x000000000002354f      0x18e Src/MA702/MA702.o
 .debug_macro   0x00000000000236dd      0x353 Src/MA702/MA702.o
 .debug_macro   0x0000000000023a30      0x1da Src/MA702/MA702.o
 .debug_macro   0x0000000000023c0a       0x10 Src/MA702/MA702.o
 .debug_macro   0x0000000000023c1a       0x16 Src/MA702/MA702.o
 .debug_macro   0x0000000000023c30       0x35 Src/MA702/MA702.o
 .debug_macro   0x0000000000023c65       0x16 Src/MA702/MA702.o
 .debug_macro   0x0000000000023c7b       0x29 Src/MA702/MA702.o
 .debug_macro   0x0000000000023ca4       0x10 Src/MA702/MA702.o
 .debug_macro   0x0000000000023cb4      0x3c7 Src/MA702/MA702.o
 .debug_macro   0x000000000002407b       0x1a Src/PID/PID.o
 .debug_macro   0x0000000000024095       0x16 Src/PID/PID.o
 .debug_macro   0x00000000000240ab      0x28c Src/eeprom.o
 .debug_macro   0x0000000000024337       0x1c Src/eeprom.o
 .debug_macro   0x0000000000024353      0x25c Src/main.o
 .debug_macro   0x00000000000245af       0x28 Src/main.o
 .debug_macro   0x00000000000245d7      0x218 Src/stm32l4xx_hal_msp.o
 .debug_macro   0x00000000000247ef      0x222 Src/stm32l4xx_it.o
 .debug_macro   0x0000000000024a11      0x21f Src/system_stm32l4xx.o

.debug_line     0x0000000000000000     0xe66a
 .debug_line    0x0000000000000000      0x923 Drivers/STM32L4xx_HAL_Driver/Src/stm32l4xx_hal.o
 .debug_line    0x0000000000000923     0x1264 Drivers/STM32L4xx_HAL_Driver/Src/stm32l4xx_hal_adc.o
 .debug_line    0x0000000000001b87      0x959 Drivers/STM32L4xx_HAL_Driver/Src/stm32l4xx_hal_cortex.o
 .debug_line    0x00000000000024e0      0x9a0 Drivers/STM32L4xx_HAL_Driver/Src/stm32l4xx_hal_dma.o
 .debug_line    0x0000000000002e80      0x93e Drivers/STM32L4xx_HAL_Driver/Src/stm32l4xx_hal_flash.o
 .debug_line    0x00000000000037be      0x994 Drivers/STM32L4xx_HAL_Driver/Src/stm32l4xx_hal_flash_ex.o
 .debug_line    0x0000000000004152      0x873 Drivers/STM32L4xx_HAL_Driver/Src/stm32l4xx_hal_gpio.o
 .debug_line    0x00000000000049c5      0x767 Drivers/STM32L4xx_HAL_Driver/Src/stm32l4xx_hal_iwdg.o
 .debug_line    0x000000000000512c      0xa87 Drivers/STM32L4xx_HAL_Driver/Src/stm32l4xx_hal_pwr_ex.o
 .debug_line    0x0000000000005bb3      0xaa5 Drivers/STM32L4xx_HAL_Driver/Src/stm32l4xx_hal_rcc.o
 .debug_line    0x0000000000006658      0xca5 Drivers/STM32L4xx_HAL_Driver/Src/stm32l4xx_hal_rcc_ex.o
 .debug_line    0x00000000000072fd     0x1271 Drivers/STM32L4xx_HAL_Driver/Src/stm32l4xx_hal_spi.o
 .debug_line    0x000000000000856e     0x1910 Drivers/STM32L4xx_HAL_Driver/Src/stm32l4xx_hal_tim.o
 .debug_line    0x0000000000009e7e      0xe0f Drivers/STM32L4xx_HAL_Driver/Src/stm32l4xx_hal_tim_ex.o
 .debug_line    0x000000000000ac8d      0xbbc Src/MA702/MA702.o
 .debug_line    0x000000000000b849      0x231 Src/PID/PID.o
 .debug_line    0x000000000000ba7a      0x942 Src/eeprom.o
 .debug_line    0x000000000000c3bc      0xa4c Src/main.o
 .debug_line    0x000000000000ce08      0x859 Src/stm32l4xx_hal_msp.o
 .debug_line    0x000000000000d661      0x82c Src/stm32l4xx_it.o
 .debug_line    0x000000000000de8d      0x75e Src/system_stm32l4xx.o
 .debug_line    0x000000000000e5eb       0x7f startup/startup_stm32l432xx.o

.debug_str      0x0000000000000000    0xd66ec
 .debug_str     0x0000000000000000    0xcb247 Drivers/STM32L4xx_HAL_Driver/Src/stm32l4xx_hal.o
                                      0xcb850 (size before relaxing)
 .debug_str     0x00000000000cb247      0xdc8 Drivers/STM32L4xx_HAL_Driver/Src/stm32l4xx_hal_adc.o
                                      0xcbd87 (size before relaxing)
 .debug_str     0x00000000000cc00f      0x38e Drivers/STM32L4xx_HAL_Driver/Src/stm32l4xx_hal_cortex.o
                                      0xcb699 (size before relaxing)
 .debug_str     0x00000000000cc39d      0x239 Drivers/STM32L4xx_HAL_Driver/Src/stm32l4xx_hal_dma.o
                                      0xcb207 (size before relaxing)
 .debug_str     0x00000000000cc5d6      0x3c4 Drivers/STM32L4xx_HAL_Driver/Src/stm32l4xx_hal_flash.o
                                      0xcb1dd (size before relaxing)
 .debug_str     0x00000000000cc99a      0x250 Drivers/STM32L4xx_HAL_Driver/Src/stm32l4xx_hal_flash_ex.o
                                      0xcb23f (size before relaxing)
 .debug_str     0x00000000000ccbea      0x290 Drivers/STM32L4xx_HAL_Driver/Src/stm32l4xx_hal_gpio.o
                                      0xcb1e9 (size before relaxing)
 .debug_str     0x00000000000cce7a       0x87 Drivers/STM32L4xx_HAL_Driver/Src/stm32l4xx_hal_iwdg.o
                                      0xcae75 (size before relaxing)
 .debug_str     0x00000000000ccf01      0x401 Drivers/STM32L4xx_HAL_Driver/Src/stm32l4xx_hal_pwr_ex.o
                                      0xcb3c9 (size before relaxing)
 .debug_str     0x00000000000cd302      0x477 Drivers/STM32L4xx_HAL_Driver/Src/stm32l4xx_hal_rcc.o
                                      0xcb521 (size before relaxing)
 .debug_str     0x00000000000cd779      0x6c8 Drivers/STM32L4xx_HAL_Driver/Src/stm32l4xx_hal_rcc_ex.o
                                      0xcb7f2 (size before relaxing)
 .debug_str     0x00000000000cde41      0x71b Drivers/STM32L4xx_HAL_Driver/Src/stm32l4xx_hal_spi.o
                                      0xcb771 (size before relaxing)
 .debug_str     0x00000000000ce55c      0xe82 Drivers/STM32L4xx_HAL_Driver/Src/stm32l4xx_hal_tim.o
                                      0xcbfb7 (size before relaxing)
 .debug_str     0x00000000000cf3de      0x5ca Drivers/STM32L4xx_HAL_Driver/Src/stm32l4xx_hal_tim_ex.o
                                      0xcb982 (size before relaxing)
 .debug_str     0x00000000000cf9a8     0x5c95 Src/MA702/MA702.o
                                      0xd0e0f (size before relaxing)
 .debug_str     0x00000000000d563d      0x41a Src/PID/PID.o
                                       0x34e8 (size before relaxing)
 .debug_str     0x00000000000d5a57      0x631 Src/eeprom.o
                                      0xcb8bd (size before relaxing)
 .debug_str     0x00000000000d6088      0x47b Src/main.o
                                      0xcd52a (size before relaxing)
 .debug_str     0x00000000000d6503       0x25 Src/stm32l4xx_hal_msp.o
                                      0xcbd1d (size before relaxing)
 .debug_str     0x00000000000d6528      0x144 Src/stm32l4xx_it.o
                                      0xcb3d0 (size before relaxing)
 .debug_str     0x00000000000d666c       0x50 Src/system_stm32l4xx.o
                                      0xcaf6a (size before relaxing)
 .debug_str     0x00000000000d66bc       0x30 startup/startup_stm32l432xx.o
                                         0x4b (size before relaxing)

.comment        0x0000000000000000       0x7e
 .comment       0x0000000000000000       0x7e Drivers/STM32L4xx_HAL_Driver/Src/stm32l4xx_hal.o
                                         0x7f (size before relaxing)
 .comment       0x000000000000007e       0x7f Drivers/STM32L4xx_HAL_Driver/Src/stm32l4xx_hal_adc.o
 .comment       0x000000000000007e       0x7f Drivers/STM32L4xx_HAL_Driver/Src/stm32l4xx_hal_cortex.o
 .comment       0x000000000000007e       0x7f Drivers/STM32L4xx_HAL_Driver/Src/stm32l4xx_hal_dma.o
 .comment       0x000000000000007e       0x7f Drivers/STM32L4xx_HAL_Driver/Src/stm32l4xx_hal_flash.o
 .comment       0x000000000000007e       0x7f Drivers/STM32L4xx_HAL_Driver/Src/stm32l4xx_hal_flash_ex.o
 .comment       0x000000000000007e       0x7f Drivers/STM32L4xx_HAL_Driver/Src/stm32l4xx_hal_gpio.o
 .comment       0x000000000000007e       0x7f Drivers/STM32L4xx_HAL_Driver/Src/stm32l4xx_hal_iwdg.o
 .comment       0x000000000000007e       0x7f Drivers/STM32L4xx_HAL_Driver/Src/stm32l4xx_hal_pwr_ex.o
 .comment       0x000000000000007e       0x7f Drivers/STM32L4xx_HAL_Driver/Src/stm32l4xx_hal_rcc.o
 .comment       0x000000000000007e       0x7f Drivers/STM32L4xx_HAL_Driver/Src/stm32l4xx_hal_rcc_ex.o
 .comment       0x000000000000007e       0x7f Drivers/STM32L4xx_HAL_Driver/Src/stm32l4xx_hal_spi.o
 .comment       0x000000000000007e       0x7f Drivers/STM32L4xx_HAL_Driver/Src/stm32l4xx_hal_tim.o
 .comment       0x000000000000007e       0x7f Drivers/STM32L4xx_HAL_Driver/Src/stm32l4xx_hal_tim_ex.o
 .comment       0x000000000000007e       0x7f Src/MA702/MA702.o
 .comment       0x000000000000007e       0x7f Src/PID/PID.o
 .comment       0x000000000000007e       0x7f Src/eeprom.o
 .comment       0x000000000000007e       0x7f Src/main.o
 .comment       0x000000000000007e       0x7f Src/stm32l4xx_hal_msp.o
 .comment       0x000000000000007e       0x7f Src/stm32l4xx_it.o
 .comment       0x000000000000007e       0x7f Src/system_stm32l4xx.o

.debug_frame    0x0000000000000000     0x2ff0
 .debug_frame   0x0000000000000000      0x1e4 Drivers/STM32L4xx_HAL_Driver/Src/stm32l4xx_hal.o
 .debug_frame   0x00000000000001e4      0x2d4 Drivers/STM32L4xx_HAL_Driver/Src/stm32l4xx_hal_adc.o
 .debug_frame   0x00000000000004b8      0x15c Drivers/STM32L4xx_HAL_Driver/Src/stm32l4xx_hal_cortex.o
 .debug_frame   0x0000000000000614      0x16c Drivers/STM32L4xx_HAL_Driver/Src/stm32l4xx_hal_dma.o
 .debug_frame   0x0000000000000780      0x134 Drivers/STM32L4xx_HAL_Driver/Src/stm32l4xx_hal_flash.o
 .debug_frame   0x00000000000008b4      0x168 Drivers/STM32L4xx_HAL_Driver/Src/stm32l4xx_hal_flash_ex.o
 .debug_frame   0x0000000000000a1c       0xd8 Drivers/STM32L4xx_HAL_Driver/Src/stm32l4xx_hal_gpio.o
 .debug_frame   0x0000000000000af4       0x44 Drivers/STM32L4xx_HAL_Driver/Src/stm32l4xx_hal_iwdg.o
 .debug_frame   0x0000000000000b38      0x1f8 Drivers/STM32L4xx_HAL_Driver/Src/stm32l4xx_hal_pwr_ex.o
 .debug_frame   0x0000000000000d30      0x18c Drivers/STM32L4xx_HAL_Driver/Src/stm32l4xx_hal_rcc.o
 .debug_frame   0x0000000000000ebc      0x248 Drivers/STM32L4xx_HAL_Driver/Src/stm32l4xx_hal_rcc_ex.o
 .debug_frame   0x0000000000001104      0x5b8 Drivers/STM32L4xx_HAL_Driver/Src/stm32l4xx_hal_spi.o
 .debug_frame   0x00000000000016bc      0xa08 Drivers/STM32L4xx_HAL_Driver/Src/stm32l4xx_hal_tim.o
 .debug_frame   0x00000000000020c4      0x400 Drivers/STM32L4xx_HAL_Driver/Src/stm32l4xx_hal_tim_ex.o
 .debug_frame   0x00000000000024c4      0x154 Src/MA702/MA702.o
 .debug_frame   0x0000000000002618      0x1c4 Src/PID/PID.o
 .debug_frame   0x00000000000027dc      0x15c Src/eeprom.o
 .debug_frame   0x0000000000002938      0x230 Src/main.o
 .debug_frame   0x0000000000002b68       0xf8 Src/stm32l4xx_hal_msp.o
 .debug_frame   0x0000000000002c60      0x150 Src/stm32l4xx_it.o
 .debug_frame   0x0000000000002db0       0x30 Src/system_stm32l4xx.o
 .debug_frame   0x0000000000002de0       0xac /home/kbisland/Ac6/SystemWorkbench/plugins/fr.ac6.mcu.externaltools.arm-none.linux64_1.16.0.201807130628/tools/compiler/bin/../lib/gcc/arm-none-eabi/7.2.1/thumb/v7e-m/fpv4-sp/hard/libgcc.a(_arm_addsubdf3.o)
 .debug_frame   0x0000000000002e8c       0x50 /home/kbisland/Ac6/SystemWorkbench/plugins/fr.ac6.mcu.externaltools.arm-none.linux64_1.16.0.201807130628/tools/compiler/bin/../lib/gcc/arm-none-eabi/7.2.1/thumb/v7e-m/fpv4-sp/hard/libgcc.a(_arm_muldivdf3.o)
 .debug_frame   0x0000000000002edc       0xc4 /home/kbisland/Ac6/SystemWorkbench/plugins/fr.ac6.mcu.externaltools.arm-none.linux64_1.16.0.201807130628/tools/compiler/bin/../lib/gcc/arm-none-eabi/7.2.1/thumb/v7e-m/fpv4-sp/hard/libgcc.a(_arm_cmpdf2.o)
 .debug_frame   0x0000000000002fa0       0x24 /home/kbisland/Ac6/SystemWorkbench/plugins/fr.ac6.mcu.externaltools.arm-none.linux64_1.16.0.201807130628/tools/compiler/bin/../lib/gcc/arm-none-eabi/7.2.1/thumb/v7e-m/fpv4-sp/hard/libgcc.a(_arm_truncdfsf2.o)
 .debug_frame   0x0000000000002fc4       0x2c /home/kbisland/Ac6/SystemWorkbench/plugins/fr.ac6.mcu.externaltools.arm-none.linux64_1.16.0.201807130628/tools/compiler/bin/../lib/gcc/arm-none-eabi/7.2.1/../../../../arm-none-eabi/lib/thumb/v7e-m/fpv4-sp/hard/libc_nano.a(lib_a-init.o)
